Archive member included to satisfy reference by file (symbol)

/home/vagrant/Tutorials/task-10/bin/samr21-xpro/core.a(sched.o)
                              /home/vagrant/Tutorials/task-10/bin/samr21-xpro/newlib_syscalls_default/syscalls.o (sched_active_pid)
/home/vagrant/Tutorials/task-10/bin/samr21-xpro/core.a(bitarithm.o)
                              /home/vagrant/Tutorials/task-10/bin/samr21-xpro/core.a(sched.o) (MultiplyDeBruijnBitPosition)
/home/vagrant/Tutorials/task-10/bin/samr21-xpro/cortexm_common.a(thread_arch.o)
                              /home/vagrant/Tutorials/task-10/bin/samr21-xpro/core.a(sched.o) (cpu_switch_context_exit)
/home/vagrant/Tutorials/task-10/bin/samr21-xpro/cortexm_common.a(vectors_cortexm.o)
                              /home/vagrant/Tutorials/task-10/bin/samr21-xpro/cpu/vectors.o (dummy_handler_default)
/home/vagrant/Tutorials/task-10/bin/samr21-xpro/cortexm_common.a(irq_arch.o)
                              /home/vagrant/Tutorials/task-10/bin/samr21-xpro/newlib_syscalls_default/syscalls.o (irq_disable)
/home/vagrant/Tutorials/task-10/bin/samr21-xpro/div.a(div.o)
                              /home/vagrant/Tutorials/task-10/bin/samr21-xpro/newlib_syscalls_default/syscalls.o (_div_mulhi64)
/home/vagrant/Tutorials/task-10/bin/samr21-xpro/pm_layered.a(pm.o)
                              /home/vagrant/Tutorials/task-10/bin/samr21-xpro/newlib_syscalls_default/syscalls.o (pm_off)
/home/vagrant/Tutorials/task-10/bin/samr21-xpro/uart_stdio.a(uart_stdio.o)
                              /home/vagrant/Tutorials/task-10/bin/samr21-xpro/newlib_syscalls_default/syscalls.o (uart_stdio_init)
/home/vagrant/Tutorials/task-10/bin/samr21-xpro/xtimer.a(xtimer_core.o)
                              /home/vagrant/Tutorials/task-10/bin/samr21-xpro/newlib_syscalls_default/syscalls.o (_xtimer_now64)
/home/vagrant/Tutorials/task-10/bin/samr21-xpro/board.a(board.o)
                              /home/vagrant/Tutorials/task-10/bin/samr21-xpro/cortexm_common.a(vectors_cortexm.o) (board_init)
/home/vagrant/Tutorials/task-10/bin/samr21-xpro/core.a(panic.o)
                              /home/vagrant/Tutorials/task-10/bin/samr21-xpro/cortexm_common.a(vectors_cortexm.o) (core_panic)
/home/vagrant/Tutorials/task-10/bin/samr21-xpro/core.a(kernel_init.o)
                              /home/vagrant/Tutorials/task-10/bin/samr21-xpro/cortexm_common.a(vectors_cortexm.o) (kernel_init)
/home/vagrant/Tutorials/task-10/bin/samr21-xpro/core.a(thread.o)
                              /home/vagrant/Tutorials/task-10/bin/samr21-xpro/core.a(kernel_init.o) (thread_create)
/home/vagrant/Tutorials/task-10/bin/samr21-xpro/cpu.a(cpu.o)
                              /home/vagrant/Tutorials/task-10/bin/samr21-xpro/board.a(board.o) (cpu_init)
/home/vagrant/Tutorials/task-10/bin/samr21-xpro/isrpipe.a(isrpipe.o)
                              /home/vagrant/Tutorials/task-10/bin/samr21-xpro/uart_stdio.a(uart_stdio.o) (isrpipe_write_one)
/home/vagrant/Tutorials/task-10/bin/samr21-xpro/periph.a(pm.o)
                              /home/vagrant/Tutorials/task-10/bin/samr21-xpro/pm_layered.a(pm.o) (pm_set)
/home/vagrant/Tutorials/task-10/bin/samr21-xpro/periph.a(timer.o)
                              /home/vagrant/Tutorials/task-10/bin/samr21-xpro/xtimer.a(xtimer_core.o) (timer_set_absolute)
/home/vagrant/Tutorials/task-10/bin/samr21-xpro/ps.a(ps.o)
                              /home/vagrant/Tutorials/task-10/bin/samr21-xpro/core.a(panic.o) (ps)
/home/vagrant/Tutorials/task-10/bin/samr21-xpro/sam0_common_periph.a(uart.o)
                              /home/vagrant/Tutorials/task-10/bin/samr21-xpro/uart_stdio.a(uart_stdio.o) (uart_init)
/home/vagrant/Tutorials/task-10/bin/samr21-xpro/sam0_common_periph.a(gpio.o)
                              /home/vagrant/Tutorials/task-10/bin/samr21-xpro/sam0_common_periph.a(uart.o) (gpio_init_mux)
/home/vagrant/Tutorials/task-10/bin/samr21-xpro/tsrb.a(tsrb.o)
                              /home/vagrant/Tutorials/task-10/bin/samr21-xpro/isrpipe.a(isrpipe.o) (tsrb_get)
/home/vagrant/Tutorials/task-10/bin/samr21-xpro/periph_common.a(init.o)
                              /home/vagrant/Tutorials/task-10/bin/samr21-xpro/cpu.a(cpu.o) (periph_init)
/home/vagrant/Tutorials/task-10/bin/samr21-xpro/application_Task02.a(main.o)
                              /home/vagrant/Tutorials/task-10/bin/samr21-xpro/core.a(kernel_init.o) (main)
/home/vagrant/Tutorials/task-10/bin/samr21-xpro/auto_init.a(auto_init.o)
                              /home/vagrant/Tutorials/task-10/bin/samr21-xpro/core.a(kernel_init.o) (auto_init)
/home/vagrant/Tutorials/task-10/bin/samr21-xpro/core.a(mutex.o)
                              /home/vagrant/Tutorials/task-10/bin/samr21-xpro/isrpipe.a(isrpipe.o) (_mutex_lock)
/home/vagrant/Tutorials/task-10/bin/samr21-xpro/cortexm_common.a(cortexm_init.o)
                              /home/vagrant/Tutorials/task-10/bin/samr21-xpro/cpu.a(cpu.o) (cortexm_init)
[...]
Memory Configuration

Name             Origin             Length             Attributes
rom              0x0000000000000000 0x0000000000040000 xr
ram              0x0000000020000000 0x0000000000008000 w !xr
*default*        0x0000000000000000 0xffffffffffffffff

Linker script and memory map

LOAD /home/vagrant/Tutorials/task-10/bin/samr21-xpro/cpu/vectors.o
LOAD /home/vagrant/Tutorials/task-10/bin/samr21-xpro/newlib_syscalls_default/syscalls.o
START GROUP
LOAD /home/vagrant/Tutorials/task-10/bin/samr21-xpro/application_Task02.a
LOAD /home/vagrant/Tutorials/task-10/bin/samr21-xpro/auto_init.a
LOAD /home/vagrant/Tutorials/task-10/bin/samr21-xpro/board.a
LOAD /home/vagrant/Tutorials/task-10/bin/samr21-xpro/core.a
LOAD /home/vagrant/Tutorials/task-10/bin/samr21-xpro/cortexm_common.a
LOAD /home/vagrant/Tutorials/task-10/bin/samr21-xpro/cortexm_common_periph.a
LOAD /home/vagrant/Tutorials/task-10/bin/samr21-xpro/cpu.a
LOAD /home/vagrant/Tutorials/task-10/bin/samr21-xpro/div.a
LOAD /home/vagrant/Tutorials/task-10/bin/samr21-xpro/isrpipe.a
LOAD /home/vagrant/Tutorials/task-10/bin/samr21-xpro/newlib_syscalls_default.a
LOAD /home/vagrant/Tutorials/task-10/bin/samr21-xpro/periph.a
LOAD /home/vagrant/Tutorials/task-10/bin/samr21-xpro/pm_layered.a
LOAD /home/vagrant/Tutorials/task-10/bin/samr21-xpro/ps.a
LOAD /home/vagrant/Tutorials/task-10/bin/samr21-xpro/sam0_common_periph.a
LOAD /home/vagrant/Tutorials/task-10/bin/samr21-xpro/shell.a
LOAD /home/vagrant/Tutorials/task-10/bin/samr21-xpro/shell_commands.a
LOAD /home/vagrant/Tutorials/task-10/bin/samr21-xpro/sys.a
LOAD /home/vagrant/Tutorials/task-10/bin/samr21-xpro/tsrb.a
LOAD /home/vagrant/Tutorials/task-10/bin/samr21-xpro/uart_stdio.a
LOAD /home/vagrant/Tutorials/task-10/bin/samr21-xpro/xtimer.a
LOAD /home/vagrant/Tutorials/task-10/bin/samr21-xpro/periph_common.a
LOAD /usr/lib/gcc/arm-none-eabi/4.9.3/../../../arm-none-eabi/lib/armv6-m/libm.a
END GROUP
LOAD /usr/lib/gcc/arm-none-eabi/4.9.3/armv6-m/libgcc.a
                0x0000000000000000                _rom_start_addr = 0x0
                0x0000000020000000                _ram_start_addr = 0x20000000
                0x0000000000040000                _rom_length = 0x40000
                0x0000000000008000                _ram_length = 0x8000
LOAD /usr/lib/gcc/arm-none-eabi/4.9.3/../../../arm-none-eabi/lib/armv6-m/libc_nano.a
START GROUP
LOAD /usr/lib/gcc/arm-none-eabi/4.9.3/armv6-m/libgcc.a
LOAD /usr/lib/gcc/arm-none-eabi/4.9.3/../../../arm-none-eabi/lib/armv6-m/libg_nano.a
LOAD /usr/lib/gcc/arm-none-eabi/4.9.3/../../../arm-none-eabi/lib/armv6-m/libc_nano.a
END GROUP
START GROUP
LOAD /usr/lib/gcc/arm-none-eabi/4.9.3/armv6-m/libgcc.a
LOAD /usr/lib/gcc/arm-none-eabi/4.9.3/../../../arm-none-eabi/lib/armv6-m/libc_nano.a
END GROUP
                0x0000000000000000                _boot_offset = DEFINED (_rom_offset)?_rom_offset:0x0

.text           0x0000000000000000     0x367c
                0x0000000000000000                . = ALIGN (0x4)
                0x0000000000000000                _sfixed = .
                0x0000000000000000                _isr_vectors = DEFINED (_isr_vectors)?_isr_vectors:.
 *(SORT(.vectors*))
 .vectors.0     0x0000000000000000       0x40 /home/vagrant/Tutorials/task-10/bin/samr21-xpro/cortexm_common.a(vectors_cortexm.o)
                0x0000000000000000                cortex_vector_base
 .vectors.1     0x0000000000000040       0x70 /home/vagrant/Tutorials/task-10/bin/samr21-xpro/cpu/vectors.o
                0x0000000000000040                vector_cpu
 *(.text .text.* .gnu.linkonce.t.*)
 .text.dummy_handler
                0x00000000000000b0        0x8 /home/vagrant/Tutorials/task-10/bin/samr21-xpro/cpu/vectors.o
                0x00000000000000b0                isr_evsys
                0x00000000000000b0                isr_dac
                0x00000000000000b0                isr_tc6
                0x00000000000000b0                isr_ptc
                0x00000000000000b0                isr_dmac
                0x00000000000000b0                isr_tc7
                0x00000000000000b0                isr_sysctrl
                0x00000000000000b0                isr_tcc0
                0x00000000000000b0                isr_pm
                0x00000000000000b0                isr_tc5
                0x00000000000000b0                dummy_handler
                0x00000000000000b0                isr_adc
                0x00000000000000b0                isr_wdt
                0x00000000000000b0                isr_sercom3
                0x00000000000000b0                isr_ac
                0x00000000000000b0                isr_tcc2
                0x00000000000000b0                isr_i2c
                0x00000000000000b0                isr_rtc
                0x00000000000000b0                isr_usb
                0x00000000000000b0                isr_sercom4
                0x00000000000000b0                isr_sercom2
                0x00000000000000b0                isr_nvmctrl
                0x00000000000000b0                isr_tcc1
                0x00000000000000b0                isr_sercom1
 .text._init    0x00000000000000b8        0x8 /home/vagrant/Tutorials/task-10/bin/samr21-xpro/newlib_syscalls_default/syscalls.o
                0x00000000000000b8                _init
 .text._fini    0x00000000000000c0        0x2 /home/vagrant/Tutorials/task-10/bin/samr21-xpro/newlib_syscalls_default/syscalls.o
                0x00000000000000c0                _fini
 *fill*         0x00000000000000c2        0x2 
 .text._sbrk_r  0x00000000000000c4       0x3c /home/vagrant/Tutorials/task-10/bin/samr21-xpro/newlib_syscalls_default/syscalls.o
                0x00000000000000c4                _sbrk_r
 .text._read_r  0x0000000000000100        0xc /home/vagrant/Tutorials/task-10/bin/samr21-xpro/newlib_syscalls_default/syscalls.o
                0x0000000000000100                _read_r
 .text._write_r
                0x000000000000010c        0xc /home/vagrant/Tutorials/task-10/bin/samr21-xpro/newlib_syscalls_default/syscalls.o
                0x000000000000010c                _write_r
 .text._close_r
                0x0000000000000118        0xa /home/vagrant/Tutorials/task-10/bin/samr21-xpro/newlib_syscalls_default/syscalls.o
                0x0000000000000118                _close_r
 .text._lseek_r
                0x0000000000000122        0xa /home/vagrant/Tutorials/task-10/bin/samr21-xpro/newlib_syscalls_default/syscalls.o
                0x0000000000000122                _lseek_r
 .text._fstat_r
                0x000000000000012c        0xa /home/vagrant/Tutorials/task-10/bin/samr21-xpro/newlib_syscalls_default/syscalls.o
                0x000000000000012c                _fstat_r
 .text._isatty_r
                0x0000000000000136        0xe /home/vagrant/Tutorials/task-10/bin/samr21-xpro/newlib_syscalls_default/syscalls.o
                0x0000000000000136                _isatty_r
 .text.sched_run
                0x0000000000000144       0x68 /home/vagrant/Tutorials/task-10/bin/samr21-xpro/core.a(sched.o)
                0x0000000000000144                sched_run
 .text.sched_set_status
                0x00000000000001ac       0x7c /home/vagrant/Tutorials/task-10/bin/samr21-xpro/core.a(sched.o)
                0x00000000000001ac                sched_set_status
 .text.sched_switch
                0x0000000000000228       0x30 /home/vagrant/Tutorials/task-10/bin/samr21-xpro/core.a(sched.o)
                0x0000000000000228                sched_switch
 .text.sched_task_exit
                0x0000000000000258       0x3c /home/vagrant/Tutorials/task-10/bin/samr21-xpro/core.a(sched.o)
                0x0000000000000258                sched_task_exit
 .text.thread_stack_init
                0x0000000000000294       0x90 /home/vagrant/Tutorials/task-10/bin/samr21-xpro/cortexm_common.a(thread_arch.o)
                0x0000000000000294                thread_stack_init
 .text.thread_isr_stack_usage
                0x0000000000000324       0x24 /home/vagrant/Tutorials/task-10/bin/samr21-xpro/cortexm_common.a(thread_arch.o)
                0x0000000000000324                thread_isr_stack_usage
 .text.thread_isr_stack_pointer
                0x0000000000000348        0x6 /home/vagrant/Tutorials/task-10/bin/samr21-xpro/cortexm_common.a(thread_arch.o)
                0x0000000000000348                thread_isr_stack_pointer
 *fill*         0x000000000000034e        0x2 
 .text.thread_isr_stack_start
                0x0000000000000350        0x8 /home/vagrant/Tutorials/task-10/bin/samr21-xpro/cortexm_common.a(thread_arch.o)
                0x0000000000000350                thread_isr_stack_start
 .text.cpu_switch_context_exit
                0x0000000000000358        0x8 /home/vagrant/Tutorials/task-10/bin/samr21-xpro/cortexm_common.a(thread_arch.o)
                0x0000000000000358                cpu_switch_context_exit
 .text.thread_yield_higher
                0x0000000000000360       0x14 /home/vagrant/Tutorials/task-10/bin/samr21-xpro/cortexm_common.a(thread_arch.o)
                0x0000000000000360                thread_yield_higher
 .text.isr_pendsv
                0x0000000000000374       0x28 /home/vagrant/Tutorials/task-10/bin/samr21-xpro/cortexm_common.a(thread_arch.o)
                0x0000000000000374                isr_pendsv
 .text.isr_svc  0x000000000000039c       0x2c /home/vagrant/Tutorials/task-10/bin/samr21-xpro/cortexm_common.a(thread_arch.o)
                0x000000000000039c                isr_svc
 .text.hard_fault_default
                0x00000000000003c8       0x4c /home/vagrant/Tutorials/task-10/bin/samr21-xpro/cortexm_common.a(vectors_cortexm.o)
                0x00000000000003c8                hard_fault_default
 .text.nmi_default
                0x0000000000000414       0x10 /home/vagrant/Tutorials/task-10/bin/samr21-xpro/cortexm_common.a(vectors_cortexm.o)
                0x0000000000000414                nmi_default
 .text.dummy_handler_default
                0x0000000000000424       0x10 /home/vagrant/Tutorials/task-10/bin/samr21-xpro/cortexm_common.a(vectors_cortexm.o)
                0x0000000000000424                dummy_handler_default
                0x0000000000000424                isr_systick
 .text.pre_startup
                0x0000000000000434        0x2 /home/vagrant/Tutorials/task-10/bin/samr21-xpro/cortexm_common.a(vectors_cortexm.o)
                0x0000000000000434                pre_startup
 .text.post_startup
                0x0000000000000436        0x2 /home/vagrant/Tutorials/task-10/bin/samr21-xpro/cortexm_common.a(vectors_cortexm.o)
                0x0000000000000436                post_startup
 .text.reset_handler_default
                0x0000000000000438       0x68 /home/vagrant/Tutorials/task-10/bin/samr21-xpro/cortexm_common.a(vectors_cortexm.o)
                0x0000000000000438                reset_handler_default
 .text.hard_fault_handler
                0x00000000000004a0      0x118 /home/vagrant/Tutorials/task-10/bin/samr21-xpro/cortexm_common.a(vectors_cortexm.o)
                0x00000000000004a0                hard_fault_handler
 .text.irq_disable
                0x00000000000005b8        0x8 /home/vagrant/Tutorials/task-10/bin/samr21-xpro/cortexm_common.a(irq_arch.o)
                0x00000000000005b8                irq_disable
 .text.irq_enable
                0x00000000000005c0        0x8 /home/vagrant/Tutorials/task-10/bin/samr21-xpro/cortexm_common.a(irq_arch.o)
                0x00000000000005c0                irq_enable
 .text.irq_restore
                0x00000000000005c8        0x6 /home/vagrant/Tutorials/task-10/bin/samr21-xpro/cortexm_common.a(irq_arch.o)
                0x00000000000005c8                irq_restore
 .text.irq_is_in
                0x00000000000005ce        0x8 /home/vagrant/Tutorials/task-10/bin/samr21-xpro/cortexm_common.a(irq_arch.o)
                0x00000000000005ce                irq_is_in
 *fill*         0x00000000000005d6        0x2 
 .text.pm_set_lowest
                0x00000000000005d8       0x44 /home/vagrant/Tutorials/task-10/bin/samr21-xpro/pm_layered.a(pm.o)
                0x00000000000005d8                pm_set_lowest
 .text.pm_off   0x000000000000061c       0x14 /home/vagrant/Tutorials/task-10/bin/samr21-xpro/pm_layered.a(pm.o)
                0x000000000000061c                pm_off
 .text.uart_stdio_init
                0x0000000000000630       0x1c /home/vagrant/Tutorials/task-10/bin/samr21-xpro/uart_stdio.a(uart_stdio.o)
                0x0000000000000630                uart_stdio_init
 .text.uart_stdio_read
                0x000000000000064c       0x14 /home/vagrant/Tutorials/task-10/bin/samr21-xpro/uart_stdio.a(uart_stdio.o)
                0x000000000000064c                uart_stdio_read
 .text.uart_stdio_write
                0x0000000000000660       0x14 /home/vagrant/Tutorials/task-10/bin/samr21-xpro/uart_stdio.a(uart_stdio.o)
                0x0000000000000660                uart_stdio_write
 .text._xtimer_lltimer_now
                0x0000000000000674        0xa /home/vagrant/Tutorials/task-10/bin/samr21-xpro/xtimer.a(xtimer_core.o)
 *fill*         0x000000000000067e        0x2 
 .text._lltimer_set
                0x0000000000000680       0x18 /home/vagrant/Tutorials/task-10/bin/samr21-xpro/xtimer.a(xtimer_core.o)
 .text._add_timer_to_long_list.constprop.4
                0x0000000000000698       0x30 /home/vagrant/Tutorials/task-10/bin/samr21-xpro/xtimer.a(xtimer_core.o)
 .text._next_period
                0x00000000000006c8       0x94 /home/vagrant/Tutorials/task-10/bin/samr21-xpro/xtimer.a(xtimer_core.o)
 .text._periph_timer_callback
                0x000000000000075c       0xc0 /home/vagrant/Tutorials/task-10/bin/samr21-xpro/xtimer.a(xtimer_core.o)
 .text._remove  0x000000000000081c       0x64 /home/vagrant/Tutorials/task-10/bin/samr21-xpro/xtimer.a(xtimer_core.o)
 .text.xtimer_init
                0x0000000000000880       0x20 /home/vagrant/Tutorials/task-10/bin/samr21-xpro/xtimer.a(xtimer_core.o)
                0x0000000000000880                xtimer_init
 .text._xtimer_set_absolute
                0x00000000000008a0       0xc8 /home/vagrant/Tutorials/task-10/bin/samr21-xpro/xtimer.a(xtimer_core.o)
                0x00000000000008a0                _xtimer_set_absolute
 .text.xtimer_remove
                0x0000000000000968       0x26 /home/vagrant/Tutorials/task-10/bin/samr21-xpro/xtimer.a(xtimer_core.o)
                0x0000000000000968                xtimer_remove
 .text._xtimer_set
                0x000000000000098e       0x3a /home/vagrant/Tutorials/task-10/bin/samr21-xpro/xtimer.a(xtimer_core.o)
                0x000000000000098e                _xtimer_set
 .text._xtimer_set64
                0x00000000000009c8       0x64 /home/vagrant/Tutorials/task-10/bin/samr21-xpro/xtimer.a(xtimer_core.o)
                0x00000000000009c8                _xtimer_set64
 .text.board_antenna_config
                0x0000000000000a2c       0x30 /home/vagrant/Tutorials/task-10/bin/samr21-xpro/board.a(board.o)
                0x0000000000000a2c                board_antenna_config
 .text.board_init
                0x0000000000000a5c       0x34 /home/vagrant/Tutorials/task-10/bin/samr21-xpro/board.a(board.o)
                0x0000000000000a5c                board_init
 .text.panic_arch
                0x0000000000000a90        0x2 /home/vagrant/Tutorials/task-10/bin/samr21-xpro/core.a(panic.o)
                0x0000000000000a90                panic_arch
 *fill*         0x0000000000000a92        0x2 
 .text.core_panic
                0x0000000000000a94       0x54 /home/vagrant/Tutorials/task-10/bin/samr21-xpro/core.a(panic.o)
                0x0000000000000a94                core_panic
 .text.main_trampoline
                0x0000000000000ae8       0x18 /home/vagrant/Tutorials/task-10/bin/samr21-xpro/core.a(kernel_init.o)
 .text.idle_thread
                0x0000000000000b00        0x8 /home/vagrant/Tutorials/task-10/bin/samr21-xpro/core.a(kernel_init.o)
 .text.kernel_init
                0x0000000000000b08       0x58 /home/vagrant/Tutorials/task-10/bin/samr21-xpro/core.a(kernel_init.o)
                0x0000000000000b08                kernel_init
 .text.thread_add_to_list
                0x0000000000000b60       0x34 /home/vagrant/Tutorials/task-10/bin/samr21-xpro/core.a(thread.o)
                0x0000000000000b60                thread_add_to_list
 .text.thread_measure_stack_free
                0x0000000000000b94       0x10 /home/vagrant/Tutorials/task-10/bin/samr21-xpro/core.a(thread.o)
                0x0000000000000b94                thread_measure_stack_free
 .text.thread_create
                0x0000000000000ba4       0xfc /home/vagrant/Tutorials/task-10/bin/samr21-xpro/core.a(thread.o)
                0x0000000000000ba4                thread_create
 .text.cpu_init
                0x0000000000000ca0      0x100 /home/vagrant/Tutorials/task-10/bin/samr21-xpro/cpu.a(cpu.o)
                0x0000000000000ca0                cpu_init
 .text.isrpipe_write_one
                0x0000000000000da0       0x16 /home/vagrant/Tutorials/task-10/bin/samr21-xpro/isrpipe.a(isrpipe.o)
                0x0000000000000da0                isrpipe_write_one
 .text.isrpipe_read
                0x0000000000000db6       0x24 /home/vagrant/Tutorials/task-10/bin/samr21-xpro/isrpipe.a(isrpipe.o)
                0x0000000000000db6                isrpipe_read
 *fill*         0x0000000000000dda        0x2 
 .text.pm_set   0x0000000000000ddc       0x48 /home/vagrant/Tutorials/task-10/bin/samr21-xpro/periph.a(pm.o)
                0x0000000000000ddc                pm_set
 .text.timer_set_absolute
                0x0000000000000e24       0x60 /home/vagrant/Tutorials/task-10/bin/samr21-xpro/periph.a(timer.o)
                0x0000000000000e24                timer_set_absolute
 .text.timer_read
                0x0000000000000e84       0x40 /home/vagrant/Tutorials/task-10/bin/samr21-xpro/periph.a(timer.o)
                0x0000000000000e84                timer_read
 .text.timer_start
                0x0000000000000ec4       0x20 /home/vagrant/Tutorials/task-10/bin/samr21-xpro/periph.a(timer.o)
                0x0000000000000ec4                timer_start
 .text.timer_init
                0x0000000000000ee4       0xf4 /home/vagrant/Tutorials/task-10/bin/samr21-xpro/periph.a(timer.o)
                0x0000000000000ee4                timer_init
 .text.isr_tc3  0x0000000000000fd8       0x68 /home/vagrant/Tutorials/task-10/bin/samr21-xpro/periph.a(timer.o)
                0x0000000000000fd8                isr_tc3
 .text.isr_tc4  0x0000000000001040       0x68 /home/vagrant/Tutorials/task-10/bin/samr21-xpro/periph.a(timer.o)
                0x0000000000001040                isr_tc4
 .text.ps       0x00000000000010a8       0xec /home/vagrant/Tutorials/task-10/bin/samr21-xpro/ps.a(ps.o)
                0x00000000000010a8                ps
 .text.irq_handler
                0x0000000000001194       0x48 /home/vagrant/Tutorials/task-10/bin/samr21-xpro/sam0_common_periph.a(uart.o)
 .text.uart_init
                0x00000000000011dc      0x190 /home/vagrant/Tutorials/task-10/bin/samr21-xpro/sam0_common_periph.a(uart.o)
                0x00000000000011dc                uart_init
 .text.uart_write
                0x000000000000136c       0x2c /home/vagrant/Tutorials/task-10/bin/samr21-xpro/sam0_common_periph.a(uart.o)
                0x000000000000136c                uart_write
 .text.isr_sercom0
                0x0000000000001398        0xa /home/vagrant/Tutorials/task-10/bin/samr21-xpro/sam0_common_periph.a(uart.o)
                0x0000000000001398                isr_sercom0
 .text.isr_sercom5
                0x00000000000013a2        0xa /home/vagrant/Tutorials/task-10/bin/samr21-xpro/sam0_common_periph.a(uart.o)
                0x00000000000013a2                isr_sercom5
 .text.gpio_init_mux
                0x00000000000013ac       0x38 /home/vagrant/Tutorials/task-10/bin/samr21-xpro/sam0_common_periph.a(gpio.o)
                0x00000000000013ac                gpio_init_mux
 .text.gpio_init
                0x00000000000013e4       0x40 /home/vagrant/Tutorials/task-10/bin/samr21-xpro/sam0_common_periph.a(gpio.o)
                0x00000000000013e4                gpio_init
 .text.gpio_read
                0x0000000000001424       0x22 /home/vagrant/Tutorials/task-10/bin/samr21-xpro/sam0_common_periph.a(gpio.o)
                0x0000000000001424                gpio_read
 .text.gpio_set
                0x0000000000001446       0x10 /home/vagrant/Tutorials/task-10/bin/samr21-xpro/sam0_common_periph.a(gpio.o)
                0x0000000000001446                gpio_set
 .text.gpio_clear
                0x0000000000001456       0x10 /home/vagrant/Tutorials/task-10/bin/samr21-xpro/sam0_common_periph.a(gpio.o)
                0x0000000000001456                gpio_clear
 *fill*         0x0000000000001466        0x2 
 .text.isr_eic  0x0000000000001468       0x40 /home/vagrant/Tutorials/task-10/bin/samr21-xpro/sam0_common_periph.a(gpio.o)
                0x0000000000001468                isr_eic
 .text.tsrb_get
                0x00000000000014a8       0x2c /home/vagrant/Tutorials/task-10/bin/samr21-xpro/tsrb.a(tsrb.o)
                0x00000000000014a8                tsrb_get
 .text.tsrb_add_one
                0x00000000000014d4       0x26 /home/vagrant/Tutorials/task-10/bin/samr21-xpro/tsrb.a(tsrb.o)
                0x00000000000014d4                tsrb_add_one
 .text.periph_init
                0x00000000000014fa        0x2 /home/vagrant/Tutorials/task-10/bin/samr21-xpro/periph_common.a(init.o)
                0x00000000000014fa                periph_init
 .text.adc      0x00000000000014fc      0x1a0 /home/vagrant/Tutorials/task-10/bin/samr21-xpro/application_Task02.a(main.o)
 .text.startup.main
                0x000000000000169c       0x14 /home/vagrant/Tutorials/task-10/bin/samr21-xpro/application_Task02.a(main.o)
                0x000000000000169c                main
 .text.auto_init
                0x00000000000016b0        0x8 /home/vagrant/Tutorials/task-10/bin/samr21-xpro/auto_init.a(auto_init.o)
                0x00000000000016b0                auto_init
 .text._mutex_lock
                0x00000000000016b8       0x60 /home/vagrant/Tutorials/task-10/bin/samr21-xpro/core.a(mutex.o)
                0x00000000000016b8                _mutex_lock
 .text.mutex_unlock
                0x0000000000001718       0x48 /home/vagrant/Tutorials/task-10/bin/samr21-xpro/core.a(mutex.o)
                0x0000000000001718                mutex_unlock
 .text.cortexm_init
                0x0000000000001760       0x78 /home/vagrant/Tutorials/task-10/bin/samr21-xpro/cortexm_common.a(cortexm_init.o)
                0x0000000000001760                cortexm_init
 .text._adc_poweroff
                0x00000000000017d8       0x30 /home/vagrant/Tutorials/task-10/bin/samr21-xpro/sam0_common_periph.a(adc.o)
 .text.adc_init
                0x0000000000001808       0x38 /home/vagrant/Tutorials/task-10/bin/samr21-xpro/sam0_common_periph.a(adc.o)
                0x0000000000001808                adc_init
 .text.adc_sample
                0x0000000000001840      0x114 /home/vagrant/Tutorials/task-10/bin/samr21-xpro/sam0_common_periph.a(adc.o)
                0x0000000000001840                adc_sample
 .text._putchar
                0x0000000000001954       0x44 /home/vagrant/Tutorials/task-10/bin/samr21-xpro/shell.a(shell.o)
 .text.print_prompt
                0x0000000000001998       0x20 /home/vagrant/Tutorials/task-10/bin/samr21-xpro/shell.a(shell.o)
 .text.shell_run
                0x00000000000019b8      0x24c /home/vagrant/Tutorials/task-10/bin/samr21-xpro/shell.a(shell.o)
                0x00000000000019b8                shell_run
 .text._reboot_handler
                0x0000000000001c04        0xa /home/vagrant/Tutorials/task-10/bin/samr21-xpro/shell_commands.a(sc_sys.o)
                0x0000000000001c04                _reboot_handler
 .text._ps_handler
                0x0000000000001c0e        0xa /home/vagrant/Tutorials/task-10/bin/samr21-xpro/shell_commands.a(sc_ps.o)
                0x0000000000001c0e                _ps_handler
 .text._callback_unlock_mutex
                0x0000000000001c18        0x8 /home/vagrant/Tutorials/task-10/bin/samr21-xpro/xtimer.a(xtimer.o)
 .text._xtimer_spin
                0x0000000000001c20       0x1a /home/vagrant/Tutorials/task-10/bin/samr21-xpro/xtimer.a(xtimer.o)
 *fill*         0x0000000000001c3a        0x2 
 .text._xtimer_tsleep
                0x0000000000001c3c       0x58 /home/vagrant/Tutorials/task-10/bin/samr21-xpro/xtimer.a(xtimer.o)
                0x0000000000001c3c                _xtimer_tsleep
 .text._xtimer_periodic_wakeup
                0x0000000000001c94       0x78 /home/vagrant/Tutorials/task-10/bin/samr21-xpro/xtimer.a(xtimer.o)
                0x0000000000001c94                _xtimer_periodic_wakeup
 .text.pm_reboot
                0x0000000000001d0c       0x1c /home/vagrant/Tutorials/task-10/bin/samr21-xpro/cortexm_common_periph.a(pm.o)
                0x0000000000001d0c                pm_reboot
 .text          0x0000000000001d28       0x14 /usr/lib/gcc/arm-none-eabi/4.9.3/armv6-m/libgcc.a(_thumb1_case_uqi.o)
                0x0000000000001d28                __gnu_thumb1_case_uqi
 .text          0x0000000000001d3c      0x120 /usr/lib/gcc/arm-none-eabi/4.9.3/armv6-m/libgcc.a(_udivsi3.o)
                0x0000000000001d3c                __udivsi3
                0x0000000000001d3c                __aeabi_uidiv
                0x0000000000001e48                __aeabi_uidivmod
 .text          0x0000000000001e5c        0x4 /usr/lib/gcc/arm-none-eabi/4.9.3/armv6-m/libgcc.a(_dvmd_tls.o)
                0x0000000000001e5c                __aeabi_ldiv0
                0x0000000000001e5c                __aeabi_idiv0
 .text.__sflush_r
                0x0000000000001e60      0x112 /usr/lib/gcc/arm-none-eabi/4.9.3/../../../arm-none-eabi/lib/armv6-m/libc_nano.a(lib_a-fflush.o)
                0x0000000000001e60                __sflush_r
 *fill*         0x0000000000001f72        0x2 
 .text._fflush_r
                0x0000000000001f74       0x58 /usr/lib/gcc/arm-none-eabi/4.9.3/../../../arm-none-eabi/lib/armv6-m/libc_nano.a(lib_a-fflush.o)
                0x0000000000001f74                _fflush_r
 .text.fflush   0x0000000000001fcc       0x28 /usr/lib/gcc/arm-none-eabi/4.9.3/../../../arm-none-eabi/lib/armv6-m/libc_nano.a(lib_a-fflush.o)
                0x0000000000001fcc                fflush
 .text._cleanup_r
                0x0000000000001ff4       0x10 /usr/lib/gcc/arm-none-eabi/4.9.3/../../../arm-none-eabi/lib/armv6-m/libc_nano.a(lib_a-findfp.o)
                0x0000000000001ff4                _cleanup_r
 .text.std.isra.0
                0x0000000000002004       0x48 /usr/lib/gcc/arm-none-eabi/4.9.3/../../../arm-none-eabi/lib/armv6-m/libc_nano.a(lib_a-findfp.o)
 .text.__sfmoreglue
                0x000000000000204c       0x2c /usr/lib/gcc/arm-none-eabi/4.9.3/../../../arm-none-eabi/lib/armv6-m/libc_nano.a(lib_a-findfp.o)
                0x000000000000204c                __sfmoreglue
 .text.__sinit  0x0000000000002078       0x64 /usr/lib/gcc/arm-none-eabi/4.9.3/../../../arm-none-eabi/lib/armv6-m/libc_nano.a(lib_a-findfp.o)
                0x0000000000002078                __sinit
 .text.__sfp    0x00000000000020dc       0x7c /usr/lib/gcc/arm-none-eabi/4.9.3/../../../arm-none-eabi/lib/armv6-m/libc_nano.a(lib_a-findfp.o)
                0x00000000000020dc                __sfp
 .text._fwalk   0x0000000000002158       0x38 /usr/lib/gcc/arm-none-eabi/4.9.3/../../../arm-none-eabi/lib/armv6-m/libc_nano.a(lib_a-fwalk.o)
                0x0000000000002158                _fwalk
 .text._fwalk_reent
                0x0000000000002190       0x42 /usr/lib/gcc/arm-none-eabi/4.9.3/../../../arm-none-eabi/lib/armv6-m/libc_nano.a(lib_a-fwalk.o)
                0x0000000000002190                _fwalk_reent
 *fill*         0x00000000000021d2        0x2 
 .text.__libc_init_array
                0x00000000000021d4       0x4c /usr/lib/gcc/arm-none-eabi/4.9.3/../../../arm-none-eabi/lib/armv6-m/libc_nano.a(lib_a-init.o)
                0x00000000000021d4                __libc_init_array
 .text.memcpy   0x0000000000002220       0x12 /usr/lib/gcc/arm-none-eabi/4.9.3/../../../arm-none-eabi/lib/armv6-m/libc_nano.a(lib_a-memcpy.o)
                0x0000000000002220                memcpy
 .text.memset   0x0000000000002232       0x10 /usr/lib/gcc/arm-none-eabi/4.9.3/../../../arm-none-eabi/lib/armv6-m/libc_nano.a(lib_a-memset.o)
                0x0000000000002232                memset
 *fill*         0x0000000000002242        0x2 
 .text._free_r  0x0000000000002244       0x8c /usr/lib/gcc/arm-none-eabi/4.9.3/../../../arm-none-eabi/lib/armv6-m/libc_nano.a(lib_a-nano-freer.o)
                0x0000000000002244                _free_r
 .text._malloc_r
                0x00000000000022d0       0xb0 /usr/lib/gcc/arm-none-eabi/4.9.3/../../../arm-none-eabi/lib/armv6-m/libc_nano.a(lib_a-nano-mallocr.o)
                0x00000000000022d0                _malloc_r
 .text.printf   0x0000000000002380       0x34 /usr/lib/gcc/arm-none-eabi/4.9.3/../../../arm-none-eabi/lib/armv6-m/libc_nano.a(lib_a-printf.o)
                0x0000000000002380                printf
                0x0000000000002380                iprintf
 .text._puts_r  0x00000000000023b4       0xf8 /usr/lib/gcc/arm-none-eabi/4.9.3/../../../arm-none-eabi/lib/armv6-m/libc_nano.a(lib_a-puts.o)
                0x00000000000023b4                _puts_r
 .text.puts     0x00000000000024ac       0x14 /usr/lib/gcc/arm-none-eabi/4.9.3/../../../arm-none-eabi/lib/armv6-m/libc_nano.a(lib_a-puts.o)
                0x00000000000024ac                puts
 .text.__srget_r
                0x00000000000024c0       0x60 /usr/lib/gcc/arm-none-eabi/4.9.3/../../../arm-none-eabi/lib/armv6-m/libc_nano.a(lib_a-rget.o)
                0x00000000000024c0                __srget_r
 .text.__sread  0x0000000000002520       0x28 /usr/lib/gcc/arm-none-eabi/4.9.3/../../../arm-none-eabi/lib/armv6-m/libc_nano.a(lib_a-stdio.o)
                0x0000000000002520                __sread
 .text.__swrite
                0x0000000000002548       0x38 /usr/lib/gcc/arm-none-eabi/4.9.3/../../../arm-none-eabi/lib/armv6-m/libc_nano.a(lib_a-stdio.o)
                0x0000000000002548                __swrite
 .text.__sseek  0x0000000000002580       0x2c /usr/lib/gcc/arm-none-eabi/4.9.3/../../../arm-none-eabi/lib/armv6-m/libc_nano.a(lib_a-stdio.o)
                0x0000000000002580                __sseek
 .text.__sclose
                0x00000000000025ac        0xc /usr/lib/gcc/arm-none-eabi/4.9.3/../../../arm-none-eabi/lib/armv6-m/libc_nano.a(lib_a-stdio.o)
                0x00000000000025ac                __sclose
 .text          0x00000000000025b8       0x14 /usr/lib/gcc/arm-none-eabi/4.9.3/../../../arm-none-eabi/lib/armv6-m/libc_nano.a(lib_a-strcmp.o)
                0x00000000000025b8                strcmp
 .text.__swbuf_r
                0x00000000000025cc       0xb0 /usr/lib/gcc/arm-none-eabi/4.9.3/../../../arm-none-eabi/lib/armv6-m/libc_nano.a(lib_a-wbuf.o)
                0x00000000000025cc                __swbuf_r
 .text.__swsetup_r
                0x000000000000267c       0xe8 /usr/lib/gcc/arm-none-eabi/4.9.3/../../../arm-none-eabi/lib/armv6-m/libc_nano.a(lib_a-wsetup.o)
                0x000000000000267c                __swsetup_r
 .text.__smakebuf_r
                0x0000000000002764       0xb0 /usr/lib/gcc/arm-none-eabi/4.9.3/../../../arm-none-eabi/lib/armv6-m/libc_nano.a(lib_a-makebuf.o)
                0x0000000000002764                __smakebuf_r
 .text.__sfputc_r
                0x0000000000002814       0x2a /usr/lib/gcc/arm-none-eabi/4.9.3/../../../arm-none-eabi/lib/armv6-m/libc_nano.a(lib_a-nano-vfprintf.o)
 .text.__sfputs_r
                0x000000000000283e       0x24 /usr/lib/gcc/arm-none-eabi/4.9.3/../../../arm-none-eabi/lib/armv6-m/libc_nano.a(lib_a-nano-vfprintf.o)
                0x000000000000283e                __sfputs_r
 *fill*         0x0000000000002862        0x2 
 .text._vfprintf_r
                0x0000000000002864      0x220 /usr/lib/gcc/arm-none-eabi/4.9.3/../../../arm-none-eabi/lib/armv6-m/libc_nano.a(lib_a-nano-vfprintf.o)
                0x0000000000002864                _vfiprintf_r
                0x0000000000002864                _vfprintf_r
 .text._printf_common
                0x0000000000002a84       0xdc /usr/lib/gcc/arm-none-eabi/4.9.3/../../../arm-none-eabi/lib/armv6-m/libc_nano.a(lib_a-nano-vfprintf_i.o)
                0x0000000000002a84                _printf_common
 .text._printf_i
                0x0000000000002b60      0x230 /usr/lib/gcc/arm-none-eabi/4.9.3/../../../arm-none-eabi/lib/armv6-m/libc_nano.a(lib_a-nano-vfprintf_i.o)
                0x0000000000002b60                _printf_i
 .text.lflush   0x0000000000002d90       0x18 /usr/lib/gcc/arm-none-eabi/4.9.3/../../../arm-none-eabi/lib/armv6-m/libc_nano.a(lib_a-refill.o)
 .text.__srefill_r
                0x0000000000002da8      0x120 /usr/lib/gcc/arm-none-eabi/4.9.3/../../../arm-none-eabi/lib/armv6-m/libc_nano.a(lib_a-refill.o)
                0x0000000000002da8                __srefill_r
 .text.memchr   0x0000000000002ec8       0x16 /usr/lib/gcc/arm-none-eabi/4.9.3/../../../arm-none-eabi/lib/armv6-m/libc_nano.a(lib_a-memchr.o)
                0x0000000000002ec8                memchr
 *(.glue_7t)
 .glue_7t       0x0000000000002ede        0x0 linker stubs
 *(.glue_7)
 .glue_7        0x0000000000002ede        0x0 linker stubs
 *(.rodata .rodata* .gnu.linkonce.r.*)
 .rodata.MultiplyDeBruijnBitPosition
                0x0000000000002ede       0x20 /home/vagrant/Tutorials/task-10/bin/samr21-xpro/core.a(bitarithm.o)
                0x0000000000002ede                MultiplyDeBruijnBitPosition
 .rodata.str1.1
                0x0000000000002efe      0x1a5 /home/vagrant/Tutorials/task-10/bin/samr21-xpro/cortexm_common.a(vectors_cortexm.o)
 .rodata.assert_crash_message
                0x00000000000030a3       0x12 /home/vagrant/Tutorials/task-10/bin/samr21-xpro/core.a(panic.o)
                0x00000000000030a3                assert_crash_message
 .rodata.str1.1
                0x00000000000030b5       0x2e /home/vagrant/Tutorials/task-10/bin/samr21-xpro/core.a(panic.o)
                                         0x30 (size before relaxing)
 .rodata.str1.1
                0x00000000000030e3       0x34 /home/vagrant/Tutorials/task-10/bin/samr21-xpro/core.a(kernel_init.o)
 .rodata        0x0000000000003117        0x2 /home/vagrant/Tutorials/task-10/bin/samr21-xpro/ps.a(ps.o)
 *fill*         0x0000000000003119        0x3 
 .rodata.state_names
                0x000000000000311c       0x2c /home/vagrant/Tutorials/task-10/bin/samr21-xpro/ps.a(ps.o)
 .rodata.str1.1
                0x0000000000003148      0x158 /home/vagrant/Tutorials/task-10/bin/samr21-xpro/ps.a(ps.o)
 .rodata.uart_config
                0x00000000000032a0       0x28 /home/vagrant/Tutorials/task-10/bin/samr21-xpro/sam0_common_periph.a(uart.o)
 .rodata.MICRO_CONTROLLER_1
                0x00000000000032c8       0x13 /home/vagrant/Tutorials/task-10/bin/samr21-xpro/application_Task02.a(main.o)
 .rodata.str1.1
                0x00000000000032db      0x1f0 /home/vagrant/Tutorials/task-10/bin/samr21-xpro/application_Task02.a(main.o)
 *fill*         0x00000000000034cb        0x1 
 .rodata.commands
                0x00000000000034cc       0x18 /home/vagrant/Tutorials/task-10/bin/samr21-xpro/application_Task02.a(main.o)
 .rodata.adc_channels
                0x00000000000034e4       0x10 /home/vagrant/Tutorials/task-10/bin/samr21-xpro/sam0_common_periph.a(adc.o)
 .rodata.str1.1
                0x00000000000034f4       0x82 /home/vagrant/Tutorials/task-10/bin/samr21-xpro/shell.a(shell.o)
 .rodata.str1.1
                0x0000000000003576       0x44 /home/vagrant/Tutorials/task-10/bin/samr21-xpro/shell_commands.a(shell_commands.o)
 *fill*         0x00000000000035ba        0x2 
 .rodata._shell_command_list
                0x00000000000035bc       0x24 /home/vagrant/Tutorials/task-10/bin/samr21-xpro/shell_commands.a(shell_commands.o)
                0x00000000000035bc                _shell_command_list
 .rodata.__sf_fake_stdin
                0x00000000000035e0       0x20 /usr/lib/gcc/arm-none-eabi/4.9.3/../../../arm-none-eabi/lib/armv6-m/libc_nano.a(lib_a-findfp.o)
                0x00000000000035e0                __sf_fake_stdin
 .rodata.__sf_fake_stdout
                0x0000000000003600       0x20 /usr/lib/gcc/arm-none-eabi/4.9.3/../../../arm-none-eabi/lib/armv6-m/libc_nano.a(lib_a-findfp.o)
                0x0000000000003600                __sf_fake_stdout
 .rodata.__sf_fake_stderr
                0x0000000000003620       0x20 /usr/lib/gcc/arm-none-eabi/4.9.3/../../../arm-none-eabi/lib/armv6-m/libc_nano.a(lib_a-findfp.o)
                0x0000000000003620                __sf_fake_stderr
 .rodata.str1.1
                0x0000000000003640        0x2 /usr/lib/gcc/arm-none-eabi/4.9.3/../../../arm-none-eabi/lib/armv6-m/libc_nano.a(lib_a-impure.o)
 *fill*         0x0000000000003642        0x2 
 .rodata._global_impure_ptr
                0x0000000000003644        0x4 /usr/lib/gcc/arm-none-eabi/4.9.3/../../../arm-none-eabi/lib/armv6-m/libc_nano.a(lib_a-impure.o)
                0x0000000000003644                _global_impure_ptr
 .rodata.str1.1
                0x0000000000003648       0x11 /usr/lib/gcc/arm-none-eabi/4.9.3/../../../arm-none-eabi/lib/armv6-m/libc_nano.a(lib_a-nano-vfprintf.o)
 .rodata.str1.1
                0x0000000000003659       0x22 /usr/lib/gcc/arm-none-eabi/4.9.3/../../../arm-none-eabi/lib/armv6-m/libc_nano.a(lib_a-nano-vfprintf_i.o)
 *(.ARM.extab* .gnu.linkonce.armextab.*)
                0x000000000000367c                . = ALIGN (0x4)
 *fill*         0x000000000000367b        0x1 
 *(.init)
                0x000000000000367c                . = ALIGN (0x4)
                0x000000000000367c                __preinit_array_start = .
 *(.preinit_array)
                0x000000000000367c                __preinit_array_end = .
                0x000000000000367c                . = ALIGN (0x4)
                0x000000000000367c                __init_array_start = .
 *(SORT(.init_array.*))
 *(.init_array)
                0x000000000000367c                __init_array_end = .
                0x000000000000367c                . = ALIGN (0x4)
 *crtbegin.o(.ctors)
 *(EXCLUDE_FILE(*crtend.o) .ctors)
 *(SORT(.ctors.*))
 *crtend.o(.ctors)
                0x000000000000367c                . = ALIGN (0x4)
 *(.fini)
                0x000000000000367c                . = ALIGN (0x4)
                0x000000000000367c                __fini_array_start = .
 *(.fini_array)
 *(SORT(.fini_array.*))
                0x000000000000367c                __fini_array_end = .
 *crtbegin.o(.dtors)
 *(EXCLUDE_FILE(*crtend.o) .dtors)
 *(SORT(.dtors.*))
 *crtend.o(.dtors)
                0x000000000000367c                . = ALIGN (0x4)
                0x000000000000367c                _efixed = .
                [!provide]                        PROVIDE (__exidx_start, .)

.vfp11_veneer   0x000000000000367c        0x0
 .vfp11_veneer  0x000000000000367c        0x0 linker stubs

.v4_bx          0x000000000000367c        0x0
 .v4_bx         0x000000000000367c        0x0 linker stubs

.iplt           0x000000000000367c        0x0
 .iplt          0x000000000000367c        0x0 /home/vagrant/Tutorials/task-10/bin/samr21-xpro/cpu/vectors.o

.igot.plt       0x000000000000367c        0x0
 .igot.plt      0x000000000000367c        0x0 /home/vagrant/Tutorials/task-10/bin/samr21-xpro/cpu/vectors.o

.ARM.exidx
 *(.ARM.exidx* .gnu.linkonce.armexidx.*)
                [!provide]                        PROVIDE (__exidx_end, .)
                0x000000000000367c                . = ALIGN (0x4)

.eh_frame       0x000000000000367c       0x28
 *(.eh_frame)
 .eh_frame      0x000000000000367c       0x28 /usr/lib/gcc/arm-none-eabi/4.9.3/../../../arm-none-eabi/lib/armv6-m/libc_nano.a(lib_a-strcmp.o)

.rel.dyn        0x00000000000036a4        0x0
 .rel.iplt      0x00000000000036a4        0x0 /home/vagrant/Tutorials/task-10/bin/samr21-xpro/cpu/vectors.o
                0x00000000000036a4                . = ALIGN (0x4)
                0x00000000000036a4                _etext = .

.stack          0x0000000020000000      0x200
 *(.puf)
                0x0000000020000000                . = ALIGN (0x8)
                0x0000000020000000                _sstack = .
 *(.isr_stack)
 .isr_stack     0x0000000020000000      0x200 /home/vagrant/Tutorials/task-10/bin/samr21-xpro/cortexm_common.a(vectors_cortexm.o)
                0x0000000020000000                isr_stack
                0x0000000020000200                . = ALIGN (0x8)
                0x0000000020000200                _estack = .

.relocate       0x0000000020000200       0x8c load address 0x00000000000036a4
                0x0000000020000200                . = ALIGN (0x4)
                0x0000000020000200                _srelocate = .
 *(.ramfunc .ramfunc.*)
 *(.data .data.*)
 .data.heap_top
                0x0000000020000200        0x4 /home/vagrant/Tutorials/task-10/bin/samr21-xpro/newlib_syscalls_default/syscalls.o
                0x0000000020000200                heap_top
 .data.pm_blocker
                0x0000000020000204        0x4 /home/vagrant/Tutorials/task-10/bin/samr21-xpro/pm_layered.a(pm.o)
                0x0000000020000204                pm_blocker
 .data.uart_stdio_isrpipe
                0x0000000020000208       0x14 /home/vagrant/Tutorials/task-10/bin/samr21-xpro/uart_stdio.a(uart_stdio.o)
                0x0000000020000208                uart_stdio_isrpipe
 .data.idle_name
                0x000000002000021c        0x4 /home/vagrant/Tutorials/task-10/bin/samr21-xpro/core.a(kernel_init.o)
                0x000000002000021c                idle_name
 .data.main_name
                0x0000000020000220        0x4 /home/vagrant/Tutorials/task-10/bin/samr21-xpro/core.a(kernel_init.o)
                0x0000000020000220                main_name
 .data.impure_data
                0x0000000020000224       0x60 /usr/lib/gcc/arm-none-eabi/4.9.3/../../../arm-none-eabi/lib/armv6-m/libc_nano.a(lib_a-impure.o)
 .data._impure_ptr
                0x0000000020000284        0x4 /usr/lib/gcc/arm-none-eabi/4.9.3/../../../arm-none-eabi/lib/armv6-m/libc_nano.a(lib_a-impure.o)
                0x0000000020000284                _impure_ptr
 *(.openocd .openocd.*)
 .openocd       0x0000000020000288        0x2 /home/vagrant/Tutorials/task-10/bin/samr21-xpro/core.a(sched.o)
                0x0000000020000288                _tcb_name_offset
                0x0000000020000289                max_threads
                0x000000002000028c                . = ALIGN (0x4)
 *fill*         0x000000002000028a        0x2 
                0x000000002000028c                _erelocate = .

.bss            0x000000002000028c      0x8dc load address 0x0000000000003730
                0x000000002000028c                . = ALIGN (0x4)
                0x000000002000028c                _sbss = .
                0x000000002000028c                _szero = .
 *(.bss .bss.*)
 .bss.sched_context_switch_request
                0x000000002000028c        0x4 /home/vagrant/Tutorials/task-10/bin/samr21-xpro/core.a(sched.o)
                0x000000002000028c                sched_context_switch_request
 .bss.sched_threads
                0x0000000020000290       0x84 /home/vagrant/Tutorials/task-10/bin/samr21-xpro/core.a(sched.o)
                0x0000000020000290                sched_threads
 .bss.sched_active_pid
                0x0000000020000314        0x2 /home/vagrant/Tutorials/task-10/bin/samr21-xpro/core.a(sched.o)
                0x0000000020000314                sched_active_pid
 *fill*         0x0000000020000316        0x2 
 .bss.sched_active_thread
                0x0000000020000318        0x4 /home/vagrant/Tutorials/task-10/bin/samr21-xpro/core.a(sched.o)
                0x0000000020000318                sched_active_thread
 .bss.sched_runqueues
                0x000000002000031c       0x40 /home/vagrant/Tutorials/task-10/bin/samr21-xpro/core.a(sched.o)
                0x000000002000031c                sched_runqueues
 .bss.sched_num_threads
                0x000000002000035c        0x4 /home/vagrant/Tutorials/task-10/bin/samr21-xpro/core.a(sched.o)
                0x000000002000035c                sched_num_threads
 .bss.runqueue_bitcache
                0x0000000020000360        0x4 /home/vagrant/Tutorials/task-10/bin/samr21-xpro/core.a(sched.o)
 .bss._rx_buf_mem
                0x0000000020000364       0x40 /home/vagrant/Tutorials/task-10/bin/samr21-xpro/uart_stdio.a(uart_stdio.o)
 .bss.overflow_list_head
                0x00000000200003a4        0x4 /home/vagrant/Tutorials/task-10/bin/samr21-xpro/xtimer.a(xtimer_core.o)
 .bss._in_handler
                0x00000000200003a8        0x4 /home/vagrant/Tutorials/task-10/bin/samr21-xpro/xtimer.a(xtimer_core.o)
 .bss._long_cnt
                0x00000000200003ac        0x4 /home/vagrant/Tutorials/task-10/bin/samr21-xpro/xtimer.a(xtimer_core.o)
 .bss.timer_list_head
                0x00000000200003b0        0x4 /home/vagrant/Tutorials/task-10/bin/samr21-xpro/xtimer.a(xtimer_core.o)
 .bss.long_list_head
                0x00000000200003b4        0x4 /home/vagrant/Tutorials/task-10/bin/samr21-xpro/xtimer.a(xtimer_core.o)
 .bss.crashed   0x00000000200003b8        0x4 /home/vagrant/Tutorials/task-10/bin/samr21-xpro/core.a(panic.o)
 .bss.idle_stack
                0x00000000200003bc      0x100 /home/vagrant/Tutorials/task-10/bin/samr21-xpro/core.a(kernel_init.o)
 .bss.main_stack
                0x00000000200004bc      0x600 /home/vagrant/Tutorials/task-10/bin/samr21-xpro/core.a(kernel_init.o)
 .bss.config    0x0000000020000abc       0x10 /home/vagrant/Tutorials/task-10/bin/samr21-xpro/periph.a(timer.o)
 .bss.uart_ctx  0x0000000020000acc       0x10 /home/vagrant/Tutorials/task-10/bin/samr21-xpro/sam0_common_periph.a(uart.o)
 .bss.gpio_config
                0x0000000020000adc       0x80 /home/vagrant/Tutorials/task-10/bin/samr21-xpro/sam0_common_periph.a(gpio.o)
 .bss._lock     0x0000000020000b5c        0x4 /home/vagrant/Tutorials/task-10/bin/samr21-xpro/sam0_common_periph.a(adc.o)
 .bss.__malloc_sbrk_start
                0x0000000020000b60        0x4 /usr/lib/gcc/arm-none-eabi/4.9.3/../../../arm-none-eabi/lib/armv6-m/libc_nano.a(lib_a-nano-mallocr.o)
                0x0000000020000b60                __malloc_sbrk_start
 .bss.__malloc_free_list
                0x0000000020000b64        0x4 /usr/lib/gcc/arm-none-eabi/4.9.3/../../../arm-none-eabi/lib/armv6-m/libc_nano.a(lib_a-nano-mallocr.o)
                0x0000000020000b64                __malloc_free_list
 *(COMMON)
                0x0000000020000b68                . = ALIGN (0x4)
                0x0000000020000b68                _ebss = .
                0x0000000020000b68                _ezero = .
                0x0000000020000b68                . = ALIGN (0x4)
                0x0000000020000b68                _sheap = .
                0x0000000020008000                _eheap = (ORIGIN (ram) + LENGTH (ram))
                0x0000000020000000                _sram = ORIGIN (ram)
                0x0000000020008000                _eram = (ORIGIN (ram) + LENGTH (ram))
OUTPUT(/home/vagrant/Tutorials/task-10/bin/samr21-xpro/Task02.elf elf32-littlearm)

.debug_info     0x0000000000000000    0x4abf5
 .debug_info    0x0000000000000000      0x192 /home/vagrant/Tutorials/task-10/bin/samr21-xpro/cpu/vectors.o
 .debug_info    0x0000000000000192     0x40cf /home/vagrant/Tutorials/task-10/bin/samr21-xpro/newlib_syscalls_default/syscalls.o
 .debug_info    0x0000000000004261      0x5c9 /home/vagrant/Tutorials/task-10/bin/samr21-xpro/core.a(sched.o)
 .debug_info    0x000000000000482a      0x131 /home/vagrant/Tutorials/task-10/bin/samr21-xpro/core.a(bitarithm.o)
 .debug_info    0x000000000000495b      0x679 /home/vagrant/Tutorials/task-10/bin/samr21-xpro/cortexm_common.a(thread_arch.o)
 .debug_info    0x0000000000004fd4     0x35ce /home/vagrant/Tutorials/task-10/bin/samr21-xpro/cortexm_common.a(vectors_cortexm.o)
 .debug_info    0x00000000000085a2      0x29f /home/vagrant/Tutorials/task-10/bin/samr21-xpro/cortexm_common.a(irq_arch.o)
 .debug_info    0x0000000000008841      0x56d /home/vagrant/Tutorials/task-10/bin/samr21-xpro/pm_layered.a(pm.o)
 .debug_info    0x0000000000008dae     0x3332 /home/vagrant/Tutorials/task-10/bin/samr21-xpro/uart_stdio.a(uart_stdio.o)
 .debug_info    0x000000000000c0e0     0x3f74 /home/vagrant/Tutorials/task-10/bin/samr21-xpro/xtimer.a(xtimer_core.o)
 .debug_info    0x0000000000010054     0x3811 /home/vagrant/Tutorials/task-10/bin/samr21-xpro/board.a(board.o)
 .debug_info    0x0000000000013865      0x378 /home/vagrant/Tutorials/task-10/bin/samr21-xpro/core.a(panic.o)
 .debug_info    0x0000000000013bdd      0x3e6 /home/vagrant/Tutorials/task-10/bin/samr21-xpro/core.a(kernel_init.o)
 .debug_info    0x0000000000013fc3      0x988 /home/vagrant/Tutorials/task-10/bin/samr21-xpro/core.a(thread.o)
 .debug_info    0x000000000001494b     0x518f /home/vagrant/Tutorials/task-10/bin/samr21-xpro/cpu.a(cpu.o)
 .debug_info    0x0000000000019ada     0x37a7 /home/vagrant/Tutorials/task-10/bin/samr21-xpro/isrpipe.a(isrpipe.o)
 .debug_info    0x000000000001d281      0xb39 /home/vagrant/Tutorials/task-10/bin/samr21-xpro/periph.a(pm.o)
 .debug_info    0x000000000001ddba     0x4cf1 /home/vagrant/Tutorials/task-10/bin/samr21-xpro/periph.a(timer.o)
 .debug_info    0x0000000000022aab      0x589 /home/vagrant/Tutorials/task-10/bin/samr21-xpro/ps.a(ps.o)
 .debug_info    0x0000000000023034     0x5486 /home/vagrant/Tutorials/task-10/bin/samr21-xpro/sam0_common_periph.a(uart.o)
 .debug_info    0x00000000000284ba     0x531f /home/vagrant/Tutorials/task-10/bin/samr21-xpro/sam0_common_periph.a(gpio.o)
 .debug_info    0x000000000002d7d9      0x32f /home/vagrant/Tutorials/task-10/bin/samr21-xpro/tsrb.a(tsrb.o)
 .debug_info    0x000000000002db08       0x37 /home/vagrant/Tutorials/task-10/bin/samr21-xpro/periph_common.a(init.o)
 .debug_info    0x000000000002db3f     0x3e9a /home/vagrant/Tutorials/task-10/bin/samr21-xpro/application_Task02.a(main.o)
 .debug_info    0x00000000000319d9     0x3266 /home/vagrant/Tutorials/task-10/bin/samr21-xpro/auto_init.a(auto_init.o)
 .debug_info    0x0000000000034c3f      0x647 /home/vagrant/Tutorials/task-10/bin/samr21-xpro/core.a(mutex.o)
 .debug_info    0x0000000000035286      0x491 /home/vagrant/Tutorials/task-10/bin/samr21-xpro/cortexm_common.a(cortexm_init.o)
 .debug_info    0x0000000000035717     0x5e74 /home/vagrant/Tutorials/task-10/bin/samr21-xpro/sam0_common_periph.a(adc.o)
 .debug_info    0x000000000003b58b      0xd90 /home/vagrant/Tutorials/task-10/bin/samr21-xpro/shell.a(shell.o)
 .debug_info    0x000000000003c31b      0x110 /home/vagrant/Tutorials/task-10/bin/samr21-xpro/shell_commands.a(shell_commands.o)
 .debug_info    0x000000000003c42b      0x1e2 /home/vagrant/Tutorials/task-10/bin/samr21-xpro/shell_commands.a(sc_sys.o)
 .debug_info    0x000000000003c60d       0x87 /home/vagrant/Tutorials/task-10/bin/samr21-xpro/shell_commands.a(sc_ps.o)
 .debug_info    0x000000000003c694     0x4043 /home/vagrant/Tutorials/task-10/bin/samr21-xpro/xtimer.a(xtimer.o)
 .debug_info    0x00000000000406d7      0x2c4 /home/vagrant/Tutorials/task-10/bin/samr21-xpro/cortexm_common_periph.a(pm.o)
 .debug_info    0x000000000004099b       0xb9 /usr/lib/gcc/arm-none-eabi/4.9.3/armv6-m/libgcc.a(_thumb1_case_uqi.o)
 .debug_info    0x0000000000040a54       0xb9 /usr/lib/gcc/arm-none-eabi/4.9.3/armv6-m/libgcc.a(_udivsi3.o)
 .debug_info    0x0000000000040b0d       0xb9 /usr/lib/gcc/arm-none-eabi/4.9.3/armv6-m/libgcc.a(_dvmd_tls.o)
 .debug_info    0x0000000000040bc6      0xa06 /usr/lib/gcc/arm-none-eabi/4.9.3/../../../arm-none-eabi/lib/armv6-m/libc_nano.a(lib_a-fflush.o)
 .debug_info    0x00000000000415cc      0xd5a /usr/lib/gcc/arm-none-eabi/4.9.3/../../../arm-none-eabi/lib/armv6-m/libc_nano.a(lib_a-findfp.o)
 .debug_info    0x0000000000042326      0x852 /usr/lib/gcc/arm-none-eabi/4.9.3/../../../arm-none-eabi/lib/armv6-m/libc_nano.a(lib_a-fwalk.o)
 .debug_info    0x0000000000042b78      0x7d3 /usr/lib/gcc/arm-none-eabi/4.9.3/../../../arm-none-eabi/lib/armv6-m/libc_nano.a(lib_a-impure.o)
 .debug_info    0x000000000004334b      0x105 /usr/lib/gcc/arm-none-eabi/4.9.3/../../../arm-none-eabi/lib/armv6-m/libc_nano.a(lib_a-init.o)
 .debug_info    0x0000000000043450      0x102 /usr/lib/gcc/arm-none-eabi/4.9.3/../../../arm-none-eabi/lib/armv6-m/libc_nano.a(lib_a-memcpy.o)
 .debug_info    0x0000000000043552       0xd3 /usr/lib/gcc/arm-none-eabi/4.9.3/../../../arm-none-eabi/lib/armv6-m/libc_nano.a(lib_a-memset.o)
 .debug_info    0x0000000000043625      0x81e /usr/lib/gcc/arm-none-eabi/4.9.3/../../../arm-none-eabi/lib/armv6-m/libc_nano.a(lib_a-nano-freer.o)
 .debug_info    0x0000000000043e43      0x8f9 /usr/lib/gcc/arm-none-eabi/4.9.3/../../../arm-none-eabi/lib/armv6-m/libc_nano.a(lib_a-nano-mallocr.o)
 .debug_info    0x000000000004473c      0x895 /usr/lib/gcc/arm-none-eabi/4.9.3/../../../arm-none-eabi/lib/armv6-m/libc_nano.a(lib_a-printf.o)
 .debug_info    0x0000000000044fd1      0x92a /usr/lib/gcc/arm-none-eabi/4.9.3/../../../arm-none-eabi/lib/armv6-m/libc_nano.a(lib_a-puts.o)
 .debug_info    0x00000000000458fb      0x899 /usr/lib/gcc/arm-none-eabi/4.9.3/../../../arm-none-eabi/lib/armv6-m/libc_nano.a(lib_a-rget.o)
 .debug_info    0x0000000000046194      0xa35 /usr/lib/gcc/arm-none-eabi/4.9.3/../../../arm-none-eabi/lib/armv6-m/libc_nano.a(lib_a-stdio.o)
 .debug_info    0x0000000000046bc9       0xd2 /usr/lib/gcc/arm-none-eabi/4.9.3/../../../arm-none-eabi/lib/armv6-m/libc_nano.a(lib_a-strcmp.o)
 .debug_info    0x0000000000046c9b      0x916 /usr/lib/gcc/arm-none-eabi/4.9.3/../../../arm-none-eabi/lib/armv6-m/libc_nano.a(lib_a-wbuf.o)
 .debug_info    0x00000000000475b1      0x881 /usr/lib/gcc/arm-none-eabi/4.9.3/../../../arm-none-eabi/lib/armv6-m/libc_nano.a(lib_a-wsetup.o)
 .debug_info    0x0000000000047e32      0x98c /usr/lib/gcc/arm-none-eabi/4.9.3/../../../arm-none-eabi/lib/armv6-m/libc_nano.a(lib_a-makebuf.o)
 .debug_info    0x00000000000487be      0xe14 /usr/lib/gcc/arm-none-eabi/4.9.3/../../../arm-none-eabi/lib/armv6-m/libc_nano.a(lib_a-nano-vfprintf.o)
 .debug_info    0x00000000000495d2      0xb77 /usr/lib/gcc/arm-none-eabi/4.9.3/../../../arm-none-eabi/lib/armv6-m/libc_nano.a(lib_a-nano-vfprintf_i.o)
 .debug_info    0x000000000004a149      0x9b4 /usr/lib/gcc/arm-none-eabi/4.9.3/../../../arm-none-eabi/lib/armv6-m/libc_nano.a(lib_a-refill.o)
 .debug_info    0x000000000004aafd       0xf8 /usr/lib/gcc/arm-none-eabi/4.9.3/../../../arm-none-eabi/lib/armv6-m/libc_nano.a(lib_a-memchr.o)

.debug_abbrev   0x0000000000000000     0x7389
 .debug_abbrev  0x0000000000000000       0xc0 /home/vagrant/Tutorials/task-10/bin/samr21-xpro/cpu/vectors.o
 .debug_abbrev  0x00000000000000c0      0x49c /home/vagrant/Tutorials/task-10/bin/samr21-xpro/newlib_syscalls_default/syscalls.o
 .debug_abbrev  0x000000000000055c      0x258 /home/vagrant/Tutorials/task-10/bin/samr21-xpro/core.a(sched.o)
 .debug_abbrev  0x00000000000007b4       0xad /home/vagrant/Tutorials/task-10/bin/samr21-xpro/core.a(bitarithm.o)
 .debug_abbrev  0x0000000000000861      0x2dc /home/vagrant/Tutorials/task-10/bin/samr21-xpro/cortexm_common.a(thread_arch.o)
 .debug_abbrev  0x0000000000000b3d      0x389 /home/vagrant/Tutorials/task-10/bin/samr21-xpro/cortexm_common.a(vectors_cortexm.o)
 .debug_abbrev  0x0000000000000ec6      0x16d /home/vagrant/Tutorials/task-10/bin/samr21-xpro/cortexm_common.a(irq_arch.o)
 .debug_abbrev  0x0000000000001033      0x1dc /home/vagrant/Tutorials/task-10/bin/samr21-xpro/pm_layered.a(pm.o)
 .debug_abbrev  0x000000000000120f      0x29c /home/vagrant/Tutorials/task-10/bin/samr21-xpro/uart_stdio.a(uart_stdio.o)
 .debug_abbrev  0x00000000000014ab      0x560 /home/vagrant/Tutorials/task-10/bin/samr21-xpro/xtimer.a(xtimer_core.o)
 .debug_abbrev  0x0000000000001a0b      0x29f /home/vagrant/Tutorials/task-10/bin/samr21-xpro/board.a(board.o)
 .debug_abbrev  0x0000000000001caa      0x1cf /home/vagrant/Tutorials/task-10/bin/samr21-xpro/core.a(panic.o)
 .debug_abbrev  0x0000000000001e79      0x1ab /home/vagrant/Tutorials/task-10/bin/samr21-xpro/core.a(kernel_init.o)
 .debug_abbrev  0x0000000000002024      0x2f6 /home/vagrant/Tutorials/task-10/bin/samr21-xpro/core.a(thread.o)
 .debug_abbrev  0x000000000000231a      0x23f /home/vagrant/Tutorials/task-10/bin/samr21-xpro/cpu.a(cpu.o)
 .debug_abbrev  0x0000000000002559      0x37e /home/vagrant/Tutorials/task-10/bin/samr21-xpro/isrpipe.a(isrpipe.o)
 .debug_abbrev  0x00000000000028d7      0x24e /home/vagrant/Tutorials/task-10/bin/samr21-xpro/periph.a(pm.o)
 .debug_abbrev  0x0000000000002b25      0x39b /home/vagrant/Tutorials/task-10/bin/samr21-xpro/periph.a(timer.o)
 .debug_abbrev  0x0000000000002ec0      0x1dd /home/vagrant/Tutorials/task-10/bin/samr21-xpro/ps.a(ps.o)
 .debug_abbrev  0x000000000000309d      0x417 /home/vagrant/Tutorials/task-10/bin/samr21-xpro/sam0_common_periph.a(uart.o)
 .debug_abbrev  0x00000000000034b4      0x3ce /home/vagrant/Tutorials/task-10/bin/samr21-xpro/sam0_common_periph.a(gpio.o)
 .debug_abbrev  0x0000000000003882      0x15e /home/vagrant/Tutorials/task-10/bin/samr21-xpro/tsrb.a(tsrb.o)
 .debug_abbrev  0x00000000000039e0       0x2d /home/vagrant/Tutorials/task-10/bin/samr21-xpro/periph_common.a(init.o)
 .debug_abbrev  0x0000000000003a0d      0x35b /home/vagrant/Tutorials/task-10/bin/samr21-xpro/application_Task02.a(main.o)
 .debug_abbrev  0x0000000000003d68      0x21c /home/vagrant/Tutorials/task-10/bin/samr21-xpro/auto_init.a(auto_init.o)
 .debug_abbrev  0x0000000000003f84      0x248 /home/vagrant/Tutorials/task-10/bin/samr21-xpro/core.a(mutex.o)
 .debug_abbrev  0x00000000000041cc      0x19c /home/vagrant/Tutorials/task-10/bin/samr21-xpro/cortexm_common.a(cortexm_init.o)
 .debug_abbrev  0x0000000000004368      0x38b /home/vagrant/Tutorials/task-10/bin/samr21-xpro/sam0_common_periph.a(adc.o)
 .debug_abbrev  0x00000000000046f3      0x339 /home/vagrant/Tutorials/task-10/bin/samr21-xpro/shell.a(shell.o)
 .debug_abbrev  0x0000000000004a2c       0x97 /home/vagrant/Tutorials/task-10/bin/samr21-xpro/shell_commands.a(shell_commands.o)
 .debug_abbrev  0x0000000000004ac3       0xe0 /home/vagrant/Tutorials/task-10/bin/samr21-xpro/shell_commands.a(sc_sys.o)
 .debug_abbrev  0x0000000000004ba3       0x7b /home/vagrant/Tutorials/task-10/bin/samr21-xpro/shell_commands.a(sc_ps.o)
 .debug_abbrev  0x0000000000004c1e      0x47e /home/vagrant/Tutorials/task-10/bin/samr21-xpro/xtimer.a(xtimer.o)
 .debug_abbrev  0x000000000000509c      0x10f /home/vagrant/Tutorials/task-10/bin/samr21-xpro/cortexm_common_periph.a(pm.o)
 .debug_abbrev  0x00000000000051ab       0x14 /usr/lib/gcc/arm-none-eabi/4.9.3/armv6-m/libgcc.a(_thumb1_case_uqi.o)
 .debug_abbrev  0x00000000000051bf       0x14 /usr/lib/gcc/arm-none-eabi/4.9.3/armv6-m/libgcc.a(_udivsi3.o)
 .debug_abbrev  0x00000000000051d3       0x14 /usr/lib/gcc/arm-none-eabi/4.9.3/armv6-m/libgcc.a(_dvmd_tls.o)
 .debug_abbrev  0x00000000000051e7      0x23a /usr/lib/gcc/arm-none-eabi/4.9.3/../../../arm-none-eabi/lib/armv6-m/libc_nano.a(lib_a-fflush.o)
 .debug_abbrev  0x0000000000005421      0x2ef /usr/lib/gcc/arm-none-eabi/4.9.3/../../../arm-none-eabi/lib/armv6-m/libc_nano.a(lib_a-findfp.o)
 .debug_abbrev  0x0000000000005710      0x16a /usr/lib/gcc/arm-none-eabi/4.9.3/../../../arm-none-eabi/lib/armv6-m/libc_nano.a(lib_a-fwalk.o)
 .debug_abbrev  0x000000000000587a      0x136 /usr/lib/gcc/arm-none-eabi/4.9.3/../../../arm-none-eabi/lib/armv6-m/libc_nano.a(lib_a-impure.o)
 .debug_abbrev  0x00000000000059b0       0xba /usr/lib/gcc/arm-none-eabi/4.9.3/../../../arm-none-eabi/lib/armv6-m/libc_nano.a(lib_a-init.o)
 .debug_abbrev  0x0000000000005a6a       0xa4 /usr/lib/gcc/arm-none-eabi/4.9.3/../../../arm-none-eabi/lib/armv6-m/libc_nano.a(lib_a-memcpy.o)
 .debug_abbrev  0x0000000000005b0e       0x8e /usr/lib/gcc/arm-none-eabi/4.9.3/../../../arm-none-eabi/lib/armv6-m/libc_nano.a(lib_a-memset.o)
 .debug_abbrev  0x0000000000005b9c      0x1b8 /usr/lib/gcc/arm-none-eabi/4.9.3/../../../arm-none-eabi/lib/armv6-m/libc_nano.a(lib_a-nano-freer.o)
 .debug_abbrev  0x0000000000005d54      0x248 /usr/lib/gcc/arm-none-eabi/4.9.3/../../../arm-none-eabi/lib/armv6-m/libc_nano.a(lib_a-nano-mallocr.o)
 .debug_abbrev  0x0000000000005f9c      0x1ec /usr/lib/gcc/arm-none-eabi/4.9.3/../../../arm-none-eabi/lib/armv6-m/libc_nano.a(lib_a-printf.o)
 .debug_abbrev  0x0000000000006188      0x1f4 /usr/lib/gcc/arm-none-eabi/4.9.3/../../../arm-none-eabi/lib/armv6-m/libc_nano.a(lib_a-puts.o)
 .debug_abbrev  0x000000000000637c      0x1b8 /usr/lib/gcc/arm-none-eabi/4.9.3/../../../arm-none-eabi/lib/armv6-m/libc_nano.a(lib_a-rget.o)
 .debug_abbrev  0x0000000000006534      0x1d0 /usr/lib/gcc/arm-none-eabi/4.9.3/../../../arm-none-eabi/lib/armv6-m/libc_nano.a(lib_a-stdio.o)
 .debug_abbrev  0x0000000000006704       0x14 /usr/lib/gcc/arm-none-eabi/4.9.3/../../../arm-none-eabi/lib/armv6-m/libc_nano.a(lib_a-strcmp.o)
 .debug_abbrev  0x0000000000006718      0x1e9 /usr/lib/gcc/arm-none-eabi/4.9.3/../../../arm-none-eabi/lib/armv6-m/libc_nano.a(lib_a-wbuf.o)
 .debug_abbrev  0x0000000000006901      0x1a5 /usr/lib/gcc/arm-none-eabi/4.9.3/../../../arm-none-eabi/lib/armv6-m/libc_nano.a(lib_a-wsetup.o)
 .debug_abbrev  0x0000000000006aa6      0x1ab /usr/lib/gcc/arm-none-eabi/4.9.3/../../../arm-none-eabi/lib/armv6-m/libc_nano.a(lib_a-makebuf.o)
 .debug_abbrev  0x0000000000006c51      0x27c /usr/lib/gcc/arm-none-eabi/4.9.3/../../../arm-none-eabi/lib/armv6-m/libc_nano.a(lib_a-nano-vfprintf.o)
 .debug_abbrev  0x0000000000006ecd      0x21a /usr/lib/gcc/arm-none-eabi/4.9.3/../../../arm-none-eabi/lib/armv6-m/libc_nano.a(lib_a-nano-vfprintf_i.o)
 .debug_abbrev  0x00000000000070e7      0x1f7 /usr/lib/gcc/arm-none-eabi/4.9.3/../../../arm-none-eabi/lib/armv6-m/libc_nano.a(lib_a-refill.o)
 .debug_abbrev  0x00000000000072de       0xab /usr/lib/gcc/arm-none-eabi/4.9.3/../../../arm-none-eabi/lib/armv6-m/libc_nano.a(lib_a-memchr.o)

.debug_aranges  0x0000000000000000      0xbe0
 .debug_aranges
                0x0000000000000000       0x20 /home/vagrant/Tutorials/task-10/bin/samr21-xpro/cpu/vectors.o
 .debug_aranges
                0x0000000000000020       0xb8 /home/vagrant/Tutorials/task-10/bin/samr21-xpro/newlib_syscalls_default/syscalls.o
 .debug_aranges
                0x00000000000000d8       0x38 /home/vagrant/Tutorials/task-10/bin/samr21-xpro/core.a(sched.o)
 .debug_aranges
                0x0000000000000110       0x28 /home/vagrant/Tutorials/task-10/bin/samr21-xpro/core.a(bitarithm.o)
 .debug_aranges
                0x0000000000000138       0x60 /home/vagrant/Tutorials/task-10/bin/samr21-xpro/cortexm_common.a(thread_arch.o)
 .debug_aranges
                0x0000000000000198       0x50 /home/vagrant/Tutorials/task-10/bin/samr21-xpro/cortexm_common.a(vectors_cortexm.o)
 .debug_aranges
                0x00000000000001e8       0x38 /home/vagrant/Tutorials/task-10/bin/samr21-xpro/cortexm_common.a(irq_arch.o)
 .debug_aranges
                0x0000000000000220       0x38 /home/vagrant/Tutorials/task-10/bin/samr21-xpro/pm_layered.a(pm.o)
 .debug_aranges
                0x0000000000000258       0x30 /home/vagrant/Tutorials/task-10/bin/samr21-xpro/uart_stdio.a(uart_stdio.o)
 .debug_aranges
                0x0000000000000288       0x78 /home/vagrant/Tutorials/task-10/bin/samr21-xpro/xtimer.a(xtimer_core.o)
 .debug_aranges
                0x0000000000000300       0x28 /home/vagrant/Tutorials/task-10/bin/samr21-xpro/board.a(board.o)
 .debug_aranges
                0x0000000000000328       0x28 /home/vagrant/Tutorials/task-10/bin/samr21-xpro/core.a(panic.o)
 .debug_aranges
                0x0000000000000350       0x30 /home/vagrant/Tutorials/task-10/bin/samr21-xpro/core.a(kernel_init.o)
 .debug_aranges
                0x0000000000000380       0x60 /home/vagrant/Tutorials/task-10/bin/samr21-xpro/core.a(thread.o)
 .debug_aranges
                0x00000000000003e0       0x20 /home/vagrant/Tutorials/task-10/bin/samr21-xpro/cpu.a(cpu.o)
 .debug_aranges
                0x0000000000000400       0x48 /home/vagrant/Tutorials/task-10/bin/samr21-xpro/isrpipe.a(isrpipe.o)
 .debug_aranges
                0x0000000000000448       0x20 /home/vagrant/Tutorials/task-10/bin/samr21-xpro/periph.a(pm.o)
 .debug_aranges
                0x0000000000000468       0x58 /home/vagrant/Tutorials/task-10/bin/samr21-xpro/periph.a(timer.o)
 .debug_aranges
                0x00000000000004c0       0x20 /home/vagrant/Tutorials/task-10/bin/samr21-xpro/ps.a(ps.o)
 .debug_aranges
                0x00000000000004e0       0x50 /home/vagrant/Tutorials/task-10/bin/samr21-xpro/sam0_common_periph.a(uart.o)
 .debug_aranges
                0x0000000000000530       0x70 /home/vagrant/Tutorials/task-10/bin/samr21-xpro/sam0_common_periph.a(gpio.o)
 .debug_aranges
                0x00000000000005a0       0x38 /home/vagrant/Tutorials/task-10/bin/samr21-xpro/tsrb.a(tsrb.o)
 .debug_aranges
                0x00000000000005d8       0x20 /home/vagrant/Tutorials/task-10/bin/samr21-xpro/periph_common.a(init.o)
 .debug_aranges
                0x00000000000005f8       0x28 /home/vagrant/Tutorials/task-10/bin/samr21-xpro/application_Task02.a(main.o)
 .debug_aranges
                0x0000000000000620       0x20 /home/vagrant/Tutorials/task-10/bin/samr21-xpro/auto_init.a(auto_init.o)
 .debug_aranges
                0x0000000000000640       0x30 /home/vagrant/Tutorials/task-10/bin/samr21-xpro/core.a(mutex.o)
 .debug_aranges
                0x0000000000000670       0x20 /home/vagrant/Tutorials/task-10/bin/samr21-xpro/cortexm_common.a(cortexm_init.o)
 .debug_aranges
                0x0000000000000690       0x30 /home/vagrant/Tutorials/task-10/bin/samr21-xpro/sam0_common_periph.a(adc.o)
 .debug_aranges
                0x00000000000006c0       0x30 /home/vagrant/Tutorials/task-10/bin/samr21-xpro/shell.a(shell.o)
 .debug_aranges
                0x00000000000006f0       0x18 /home/vagrant/Tutorials/task-10/bin/samr21-xpro/shell_commands.a(shell_commands.o)
 .debug_aranges
                0x0000000000000708       0x20 /home/vagrant/Tutorials/task-10/bin/samr21-xpro/shell_commands.a(sc_sys.o)
 .debug_aranges
                0x0000000000000728       0x20 /home/vagrant/Tutorials/task-10/bin/samr21-xpro/shell_commands.a(sc_ps.o)
 .debug_aranges
                0x0000000000000748       0x90 /home/vagrant/Tutorials/task-10/bin/samr21-xpro/xtimer.a(xtimer.o)
 .debug_aranges
                0x00000000000007d8       0x20 /home/vagrant/Tutorials/task-10/bin/samr21-xpro/cortexm_common_periph.a(pm.o)
 .debug_aranges
                0x00000000000007f8       0x20 /usr/lib/gcc/arm-none-eabi/4.9.3/armv6-m/libgcc.a(_thumb1_case_uqi.o)
 .debug_aranges
                0x0000000000000818       0x20 /usr/lib/gcc/arm-none-eabi/4.9.3/armv6-m/libgcc.a(_udivsi3.o)
 .debug_aranges
                0x0000000000000838       0x20 /usr/lib/gcc/arm-none-eabi/4.9.3/armv6-m/libgcc.a(_dvmd_tls.o)
 .debug_aranges
                0x0000000000000858       0x30 /usr/lib/gcc/arm-none-eabi/4.9.3/../../../arm-none-eabi/lib/armv6-m/libc_nano.a(lib_a-fflush.o)
 .debug_aranges
                0x0000000000000888       0x88 /usr/lib/gcc/arm-none-eabi/4.9.3/../../../arm-none-eabi/lib/armv6-m/libc_nano.a(lib_a-findfp.o)
 .debug_aranges
                0x0000000000000910       0x28 /usr/lib/gcc/arm-none-eabi/4.9.3/../../../arm-none-eabi/lib/armv6-m/libc_nano.a(lib_a-fwalk.o)
 .debug_aranges
                0x0000000000000938       0x18 /usr/lib/gcc/arm-none-eabi/4.9.3/../../../arm-none-eabi/lib/armv6-m/libc_nano.a(lib_a-impure.o)
 .debug_aranges
                0x0000000000000950       0x20 /usr/lib/gcc/arm-none-eabi/4.9.3/../../../arm-none-eabi/lib/armv6-m/libc_nano.a(lib_a-init.o)
 .debug_aranges
                0x0000000000000970       0x20 /usr/lib/gcc/arm-none-eabi/4.9.3/../../../arm-none-eabi/lib/armv6-m/libc_nano.a(lib_a-memcpy.o)
 .debug_aranges
                0x0000000000000990       0x20 /usr/lib/gcc/arm-none-eabi/4.9.3/../../../arm-none-eabi/lib/armv6-m/libc_nano.a(lib_a-memset.o)
 .debug_aranges
                0x00000000000009b0       0x20 /usr/lib/gcc/arm-none-eabi/4.9.3/../../../arm-none-eabi/lib/armv6-m/libc_nano.a(lib_a-nano-freer.o)
 .debug_aranges
                0x00000000000009d0       0x20 /usr/lib/gcc/arm-none-eabi/4.9.3/../../../arm-none-eabi/lib/armv6-m/libc_nano.a(lib_a-nano-mallocr.o)
 .debug_aranges
                0x00000000000009f0       0x28 /usr/lib/gcc/arm-none-eabi/4.9.3/../../../arm-none-eabi/lib/armv6-m/libc_nano.a(lib_a-printf.o)
 .debug_aranges
                0x0000000000000a18       0x28 /usr/lib/gcc/arm-none-eabi/4.9.3/../../../arm-none-eabi/lib/armv6-m/libc_nano.a(lib_a-puts.o)
 .debug_aranges
                0x0000000000000a40       0x28 /usr/lib/gcc/arm-none-eabi/4.9.3/../../../arm-none-eabi/lib/armv6-m/libc_nano.a(lib_a-rget.o)
 .debug_aranges
                0x0000000000000a68       0x40 /usr/lib/gcc/arm-none-eabi/4.9.3/../../../arm-none-eabi/lib/armv6-m/libc_nano.a(lib_a-stdio.o)
 .debug_aranges
                0x0000000000000aa8       0x20 /usr/lib/gcc/arm-none-eabi/4.9.3/../../../arm-none-eabi/lib/armv6-m/libc_nano.a(lib_a-strcmp.o)
 .debug_aranges
                0x0000000000000ac8       0x28 /usr/lib/gcc/arm-none-eabi/4.9.3/../../../arm-none-eabi/lib/armv6-m/libc_nano.a(lib_a-wbuf.o)
 .debug_aranges
                0x0000000000000af0       0x20 /usr/lib/gcc/arm-none-eabi/4.9.3/../../../arm-none-eabi/lib/armv6-m/libc_nano.a(lib_a-wsetup.o)
 .debug_aranges
                0x0000000000000b10       0x20 /usr/lib/gcc/arm-none-eabi/4.9.3/../../../arm-none-eabi/lib/armv6-m/libc_nano.a(lib_a-makebuf.o)
 .debug_aranges
                0x0000000000000b30       0x40 /usr/lib/gcc/arm-none-eabi/4.9.3/../../../arm-none-eabi/lib/armv6-m/libc_nano.a(lib_a-nano-vfprintf.o)
 .debug_aranges
                0x0000000000000b70       0x28 /usr/lib/gcc/arm-none-eabi/4.9.3/../../../arm-none-eabi/lib/armv6-m/libc_nano.a(lib_a-nano-vfprintf_i.o)
 .debug_aranges
                0x0000000000000b98       0x28 /usr/lib/gcc/arm-none-eabi/4.9.3/../../../arm-none-eabi/lib/armv6-m/libc_nano.a(lib_a-refill.o)
 .debug_aranges
                0x0000000000000bc0       0x20 /usr/lib/gcc/arm-none-eabi/4.9.3/../../../arm-none-eabi/lib/armv6-m/libc_nano.a(lib_a-memchr.o)

.debug_ranges   0x0000000000000000      0xe00
 .debug_ranges  0x0000000000000000       0x10 /home/vagrant/Tutorials/task-10/bin/samr21-xpro/cpu/vectors.o
 .debug_ranges  0x0000000000000010       0xa8 /home/vagrant/Tutorials/task-10/bin/samr21-xpro/newlib_syscalls_default/syscalls.o
 .debug_ranges  0x00000000000000b8       0x58 /home/vagrant/Tutorials/task-10/bin/samr21-xpro/core.a(sched.o)
 .debug_ranges  0x0000000000000110       0x18 /home/vagrant/Tutorials/task-10/bin/samr21-xpro/core.a(bitarithm.o)
 .debug_ranges  0x0000000000000128       0x50 /home/vagrant/Tutorials/task-10/bin/samr21-xpro/cortexm_common.a(thread_arch.o)
 .debug_ranges  0x0000000000000178       0x40 /home/vagrant/Tutorials/task-10/bin/samr21-xpro/cortexm_common.a(vectors_cortexm.o)
 .debug_ranges  0x00000000000001b8       0x28 /home/vagrant/Tutorials/task-10/bin/samr21-xpro/cortexm_common.a(irq_arch.o)
 .debug_ranges  0x00000000000001e0       0x28 /home/vagrant/Tutorials/task-10/bin/samr21-xpro/pm_layered.a(pm.o)
 .debug_ranges  0x0000000000000208       0x20 /home/vagrant/Tutorials/task-10/bin/samr21-xpro/uart_stdio.a(uart_stdio.o)
 .debug_ranges  0x0000000000000228      0x190 /home/vagrant/Tutorials/task-10/bin/samr21-xpro/xtimer.a(xtimer_core.o)
 .debug_ranges  0x00000000000003b8       0x18 /home/vagrant/Tutorials/task-10/bin/samr21-xpro/board.a(board.o)
 .debug_ranges  0x00000000000003d0       0x18 /home/vagrant/Tutorials/task-10/bin/samr21-xpro/core.a(panic.o)
 .debug_ranges  0x00000000000003e8       0x20 /home/vagrant/Tutorials/task-10/bin/samr21-xpro/core.a(kernel_init.o)
 .debug_ranges  0x0000000000000408       0x80 /home/vagrant/Tutorials/task-10/bin/samr21-xpro/core.a(thread.o)
 .debug_ranges  0x0000000000000488       0x10 /home/vagrant/Tutorials/task-10/bin/samr21-xpro/cpu.a(cpu.o)
 .debug_ranges  0x0000000000000498       0x68 /home/vagrant/Tutorials/task-10/bin/samr21-xpro/isrpipe.a(isrpipe.o)
 .debug_ranges  0x0000000000000500       0x10 /home/vagrant/Tutorials/task-10/bin/samr21-xpro/periph.a(pm.o)
 .debug_ranges  0x0000000000000510       0x60 /home/vagrant/Tutorials/task-10/bin/samr21-xpro/periph.a(timer.o)
 .debug_ranges  0x0000000000000570       0x10 /home/vagrant/Tutorials/task-10/bin/samr21-xpro/ps.a(ps.o)
 .debug_ranges  0x0000000000000580       0xf8 /home/vagrant/Tutorials/task-10/bin/samr21-xpro/sam0_common_periph.a(uart.o)
 .debug_ranges  0x0000000000000678      0x128 /home/vagrant/Tutorials/task-10/bin/samr21-xpro/sam0_common_periph.a(gpio.o)
 .debug_ranges  0x00000000000007a0       0x78 /home/vagrant/Tutorials/task-10/bin/samr21-xpro/tsrb.a(tsrb.o)
 .debug_ranges  0x0000000000000818       0x10 /home/vagrant/Tutorials/task-10/bin/samr21-xpro/periph_common.a(init.o)
 .debug_ranges  0x0000000000000828       0x30 /home/vagrant/Tutorials/task-10/bin/samr21-xpro/application_Task02.a(main.o)
 .debug_ranges  0x0000000000000858       0x10 /home/vagrant/Tutorials/task-10/bin/samr21-xpro/auto_init.a(auto_init.o)
 .debug_ranges  0x0000000000000868       0x50 /home/vagrant/Tutorials/task-10/bin/samr21-xpro/core.a(mutex.o)
 .debug_ranges  0x00000000000008b8       0x78 /home/vagrant/Tutorials/task-10/bin/samr21-xpro/cortexm_common.a(cortexm_init.o)
 .debug_ranges  0x0000000000000930       0x40 /home/vagrant/Tutorials/task-10/bin/samr21-xpro/sam0_common_periph.a(adc.o)
 .debug_ranges  0x0000000000000970       0x50 /home/vagrant/Tutorials/task-10/bin/samr21-xpro/shell.a(shell.o)
 .debug_ranges  0x00000000000009c0       0x10 /home/vagrant/Tutorials/task-10/bin/samr21-xpro/shell_commands.a(sc_sys.o)
 .debug_ranges  0x00000000000009d0       0x10 /home/vagrant/Tutorials/task-10/bin/samr21-xpro/shell_commands.a(sc_ps.o)
 .debug_ranges  0x00000000000009e0      0x160 /home/vagrant/Tutorials/task-10/bin/samr21-xpro/xtimer.a(xtimer.o)
 .debug_ranges  0x0000000000000b40       0x10 /home/vagrant/Tutorials/task-10/bin/samr21-xpro/cortexm_common_periph.a(pm.o)
 .debug_ranges  0x0000000000000b50       0x20 /usr/lib/gcc/arm-none-eabi/4.9.3/../../../arm-none-eabi/lib/armv6-m/libc_nano.a(lib_a-fflush.o)
 .debug_ranges  0x0000000000000b70       0x78 /usr/lib/gcc/arm-none-eabi/4.9.3/../../../arm-none-eabi/lib/armv6-m/libc_nano.a(lib_a-findfp.o)
 .debug_ranges  0x0000000000000be8       0x18 /usr/lib/gcc/arm-none-eabi/4.9.3/../../../arm-none-eabi/lib/armv6-m/libc_nano.a(lib_a-fwalk.o)
 .debug_ranges  0x0000000000000c00       0x10 /usr/lib/gcc/arm-none-eabi/4.9.3/../../../arm-none-eabi/lib/armv6-m/libc_nano.a(lib_a-init.o)
 .debug_ranges  0x0000000000000c10       0x10 /usr/lib/gcc/arm-none-eabi/4.9.3/../../../arm-none-eabi/lib/armv6-m/libc_nano.a(lib_a-memcpy.o)
 .debug_ranges  0x0000000000000c20       0x10 /usr/lib/gcc/arm-none-eabi/4.9.3/../../../arm-none-eabi/lib/armv6-m/libc_nano.a(lib_a-memset.o)
 .debug_ranges  0x0000000000000c30       0x10 /usr/lib/gcc/arm-none-eabi/4.9.3/../../../arm-none-eabi/lib/armv6-m/libc_nano.a(lib_a-nano-freer.o)
 .debug_ranges  0x0000000000000c40       0x28 /usr/lib/gcc/arm-none-eabi/4.9.3/../../../arm-none-eabi/lib/armv6-m/libc_nano.a(lib_a-nano-mallocr.o)
 .debug_ranges  0x0000000000000c68       0x18 /usr/lib/gcc/arm-none-eabi/4.9.3/../../../arm-none-eabi/lib/armv6-m/libc_nano.a(lib_a-printf.o)
 .debug_ranges  0x0000000000000c80       0x30 /usr/lib/gcc/arm-none-eabi/4.9.3/../../../arm-none-eabi/lib/armv6-m/libc_nano.a(lib_a-puts.o)
 .debug_ranges  0x0000000000000cb0       0x18 /usr/lib/gcc/arm-none-eabi/4.9.3/../../../arm-none-eabi/lib/armv6-m/libc_nano.a(lib_a-rget.o)
 .debug_ranges  0x0000000000000cc8       0x30 /usr/lib/gcc/arm-none-eabi/4.9.3/../../../arm-none-eabi/lib/armv6-m/libc_nano.a(lib_a-stdio.o)
 .debug_ranges  0x0000000000000cf8       0x18 /usr/lib/gcc/arm-none-eabi/4.9.3/../../../arm-none-eabi/lib/armv6-m/libc_nano.a(lib_a-wbuf.o)
 .debug_ranges  0x0000000000000d10       0x30 /usr/lib/gcc/arm-none-eabi/4.9.3/../../../arm-none-eabi/lib/armv6-m/libc_nano.a(lib_a-wsetup.o)
 .debug_ranges  0x0000000000000d40       0x10 /usr/lib/gcc/arm-none-eabi/4.9.3/../../../arm-none-eabi/lib/armv6-m/libc_nano.a(lib_a-makebuf.o)
 .debug_ranges  0x0000000000000d50       0x30 /usr/lib/gcc/arm-none-eabi/4.9.3/../../../arm-none-eabi/lib/armv6-m/libc_nano.a(lib_a-nano-vfprintf.o)
 .debug_ranges  0x0000000000000d80       0x58 /usr/lib/gcc/arm-none-eabi/4.9.3/../../../arm-none-eabi/lib/armv6-m/libc_nano.a(lib_a-nano-vfprintf_i.o)
 .debug_ranges  0x0000000000000dd8       0x18 /usr/lib/gcc/arm-none-eabi/4.9.3/../../../arm-none-eabi/lib/armv6-m/libc_nano.a(lib_a-refill.o)
 .debug_ranges  0x0000000000000df0       0x10 /usr/lib/gcc/arm-none-eabi/4.9.3/../../../arm-none-eabi/lib/armv6-m/libc_nano.a(lib_a-memchr.o)

.debug_macro    0x0000000000000000    0x2cd1d
 .debug_macro   0x0000000000000000      0x2f2 /home/vagrant/Tutorials/task-10/bin/samr21-xpro/cpu/vectors.o
 .debug_macro   0x00000000000002f2      0x82c /home/vagrant/Tutorials/task-10/bin/samr21-xpro/cpu/vectors.o
 .debug_macro   0x0000000000000b1e       0xf4 /home/vagrant/Tutorials/task-10/bin/samr21-xpro/cpu/vectors.o
 .debug_macro   0x0000000000000c12       0x22 /home/vagrant/Tutorials/task-10/bin/samr21-xpro/cpu/vectors.o
 .debug_macro   0x0000000000000c34       0x44 /home/vagrant/Tutorials/task-10/bin/samr21-xpro/cpu/vectors.o
 .debug_macro   0x0000000000000c78       0xe3 /home/vagrant/Tutorials/task-10/bin/samr21-xpro/cpu/vectors.o
 .debug_macro   0x0000000000000d5b       0x22 /home/vagrant/Tutorials/task-10/bin/samr21-xpro/cpu/vectors.o
 .debug_macro   0x0000000000000d7d      0x1df /home/vagrant/Tutorials/task-10/bin/samr21-xpro/cpu/vectors.o
 .debug_macro   0x0000000000000f5c       0x28 /home/vagrant/Tutorials/task-10/bin/samr21-xpro/cpu/vectors.o
 .debug_macro   0x0000000000000f84       0x40 /home/vagrant/Tutorials/task-10/bin/samr21-xpro/cpu/vectors.o
 .debug_macro   0x0000000000000fc4       0x3a /home/vagrant/Tutorials/task-10/bin/samr21-xpro/cpu/vectors.o
 .debug_macro   0x0000000000000ffe       0x26 /home/vagrant/Tutorials/task-10/bin/samr21-xpro/cpu/vectors.o
 .debug_macro   0x0000000000001024      0x329 /home/vagrant/Tutorials/task-10/bin/samr21-xpro/cpu/vectors.o
 .debug_macro   0x000000000000134d      0x682 /home/vagrant/Tutorials/task-10/bin/samr21-xpro/cpu/vectors.o
 .debug_macro   0x00000000000019cf      0x8bf /home/vagrant/Tutorials/task-10/bin/samr21-xpro/cpu/vectors.o
 .debug_macro   0x000000000000228e      0xd6a /home/vagrant/Tutorials/task-10/bin/samr21-xpro/cpu/vectors.o
 .debug_macro   0x0000000000002ff8      0x4ce /home/vagrant/Tutorials/task-10/bin/samr21-xpro/cpu/vectors.o
 .debug_macro   0x00000000000034c6      0x9f8 /home/vagrant/Tutorials/task-10/bin/samr21-xpro/cpu/vectors.o
 .debug_macro   0x0000000000003ebe      0x82b /home/vagrant/Tutorials/task-10/bin/samr21-xpro/cpu/vectors.o
 .debug_macro   0x00000000000046e9      0x45f /home/vagrant/Tutorials/task-10/bin/samr21-xpro/cpu/vectors.o
 .debug_macro   0x0000000000004b48       0x5e /home/vagrant/Tutorials/task-10/bin/samr21-xpro/cpu/vectors.o
 .debug_macro   0x0000000000004ba6      0x225 /home/vagrant/Tutorials/task-10/bin/samr21-xpro/cpu/vectors.o
 .debug_macro   0x0000000000004dcb      0x797 /home/vagrant/Tutorials/task-10/bin/samr21-xpro/cpu/vectors.o
 .debug_macro   0x0000000000005562       0x5e /home/vagrant/Tutorials/task-10/bin/samr21-xpro/cpu/vectors.o
 .debug_macro   0x00000000000055c0      0x60a /home/vagrant/Tutorials/task-10/bin/samr21-xpro/cpu/vectors.o
 .debug_macro   0x0000000000005bca      0x3b6 /home/vagrant/Tutorials/task-10/bin/samr21-xpro/cpu/vectors.o
 .debug_macro   0x0000000000005f80       0x94 /home/vagrant/Tutorials/task-10/bin/samr21-xpro/cpu/vectors.o
 .debug_macro   0x0000000000006014      0xc55 /home/vagrant/Tutorials/task-10/bin/samr21-xpro/cpu/vectors.o
 .debug_macro   0x0000000000006c69     0x1092 /home/vagrant/Tutorials/task-10/bin/samr21-xpro/cpu/vectors.o
 .debug_macro   0x0000000000007cfb      0xc4a /home/vagrant/Tutorials/task-10/bin/samr21-xpro/cpu/vectors.o
 .debug_macro   0x0000000000008945      0x6bf /home/vagrant/Tutorials/task-10/bin/samr21-xpro/cpu/vectors.o
 .debug_macro   0x0000000000009004     0x1b4b /home/vagrant/Tutorials/task-10/bin/samr21-xpro/cpu/vectors.o
 .debug_macro   0x000000000000ab4f     0x144a /home/vagrant/Tutorials/task-10/bin/samr21-xpro/cpu/vectors.o
 .debug_macro   0x000000000000bf99      0x34e /home/vagrant/Tutorials/task-10/bin/samr21-xpro/cpu/vectors.o
 .debug_macro   0x000000000000c2e7       0x7c /home/vagrant/Tutorials/task-10/bin/samr21-xpro/cpu/vectors.o
 .debug_macro   0x000000000000c363       0xa0 /home/vagrant/Tutorials/task-10/bin/samr21-xpro/cpu/vectors.o
 .debug_macro   0x000000000000c403       0xca /home/vagrant/Tutorials/task-10/bin/samr21-xpro/cpu/vectors.o
 .debug_macro   0x000000000000c4cd       0x94 /home/vagrant/Tutorials/task-10/bin/samr21-xpro/cpu/vectors.o
 .debug_macro   0x000000000000c561       0x58 /home/vagrant/Tutorials/task-10/bin/samr21-xpro/cpu/vectors.o
 .debug_macro   0x000000000000c5b9      0x364 /home/vagrant/Tutorials/task-10/bin/samr21-xpro/cpu/vectors.o
 .debug_macro   0x000000000000c91d       0x82 /home/vagrant/Tutorials/task-10/bin/samr21-xpro/cpu/vectors.o
 .debug_macro   0x000000000000c99f      0x197 /home/vagrant/Tutorials/task-10/bin/samr21-xpro/cpu/vectors.o
 .debug_macro   0x000000000000cb36       0xa0 /home/vagrant/Tutorials/task-10/bin/samr21-xpro/cpu/vectors.o
 .debug_macro   0x000000000000cbd6       0xb2 /home/vagrant/Tutorials/task-10/bin/samr21-xpro/cpu/vectors.o
 .debug_macro   0x000000000000cc88       0x1c /home/vagrant/Tutorials/task-10/bin/samr21-xpro/cpu/vectors.o
 .debug_macro   0x000000000000cca4       0x1c /home/vagrant/Tutorials/task-10/bin/samr21-xpro/cpu/vectors.o
 .debug_macro   0x000000000000ccc0       0x1c /home/vagrant/Tutorials/task-10/bin/samr21-xpro/cpu/vectors.o
 .debug_macro   0x000000000000ccdc       0x7c /home/vagrant/Tutorials/task-10/bin/samr21-xpro/cpu/vectors.o
 .debug_macro   0x000000000000cd58      0x1c6 /home/vagrant/Tutorials/task-10/bin/samr21-xpro/cpu/vectors.o
 .debug_macro   0x000000000000cf1e       0x16 /home/vagrant/Tutorials/task-10/bin/samr21-xpro/cpu/vectors.o
 .debug_macro   0x000000000000cf34       0xdc /home/vagrant/Tutorials/task-10/bin/samr21-xpro/cpu/vectors.o
 .debug_macro   0x000000000000d010      0x12f /home/vagrant/Tutorials/task-10/bin/samr21-xpro/cpu/vectors.o
 .debug_macro   0x000000000000d13f      0x12f /home/vagrant/Tutorials/task-10/bin/samr21-xpro/cpu/vectors.o
 .debug_macro   0x000000000000d26e      0x12f /home/vagrant/Tutorials/task-10/bin/samr21-xpro/cpu/vectors.o
 .debug_macro   0x000000000000d39d      0x12f /home/vagrant/Tutorials/task-10/bin/samr21-xpro/cpu/vectors.o
 .debug_macro   0x000000000000d4cc      0x12f /home/vagrant/Tutorials/task-10/bin/samr21-xpro/cpu/vectors.o
 .debug_macro   0x000000000000d5fb      0x12f /home/vagrant/Tutorials/task-10/bin/samr21-xpro/cpu/vectors.o
 .debug_macro   0x000000000000d72a      0x11e /home/vagrant/Tutorials/task-10/bin/samr21-xpro/cpu/vectors.o
 .debug_macro   0x000000000000d848       0xe2 /home/vagrant/Tutorials/task-10/bin/samr21-xpro/cpu/vectors.o
 .debug_macro   0x000000000000d92a       0xe2 /home/vagrant/Tutorials/task-10/bin/samr21-xpro/cpu/vectors.o
 .debug_macro   0x000000000000da0c       0xe2 /home/vagrant/Tutorials/task-10/bin/samr21-xpro/cpu/vectors.o
 .debug_macro   0x000000000000daee      0x12c /home/vagrant/Tutorials/task-10/bin/samr21-xpro/cpu/vectors.o
 .debug_macro   0x000000000000dc1a      0x100 /home/vagrant/Tutorials/task-10/bin/samr21-xpro/cpu/vectors.o
 .debug_macro   0x000000000000dd1a       0xf4 /home/vagrant/Tutorials/task-10/bin/samr21-xpro/cpu/vectors.o
 .debug_macro   0x000000000000de0e      0x40f /home/vagrant/Tutorials/task-10/bin/samr21-xpro/cpu/vectors.o
 .debug_macro   0x000000000000e21d       0x40 /home/vagrant/Tutorials/task-10/bin/samr21-xpro/cpu/vectors.o
 .debug_macro   0x000000000000e25d      0x345 /home/vagrant/Tutorials/task-10/bin/samr21-xpro/cpu/vectors.o
 .debug_macro   0x000000000000e5a2     0x174b /home/vagrant/Tutorials/task-10/bin/samr21-xpro/cpu/vectors.o
 .debug_macro   0x000000000000fced       0x74 /home/vagrant/Tutorials/task-10/bin/samr21-xpro/cpu/vectors.o
 .debug_macro   0x000000000000fd61       0x2e /home/vagrant/Tutorials/task-10/bin/samr21-xpro/cpu/vectors.o
 .debug_macro   0x000000000000fd8f       0x16 /home/vagrant/Tutorials/task-10/bin/samr21-xpro/cpu/vectors.o
 .debug_macro   0x000000000000fda5      0x691 /home/vagrant/Tutorials/task-10/bin/samr21-xpro/newlib_syscalls_default/syscalls.o
 .debug_macro   0x0000000000010436      0x82c /home/vagrant/Tutorials/task-10/bin/samr21-xpro/newlib_syscalls_default/syscalls.o
 .debug_macro   0x0000000000010c62       0x4c /home/vagrant/Tutorials/task-10/bin/samr21-xpro/newlib_syscalls_default/syscalls.o
 .debug_macro   0x0000000000010cae       0x3c /home/vagrant/Tutorials/task-10/bin/samr21-xpro/newlib_syscalls_default/syscalls.o
 .debug_macro   0x0000000000010cea       0x9c /home/vagrant/Tutorials/task-10/bin/samr21-xpro/newlib_syscalls_default/syscalls.o
 .debug_macro   0x0000000000010d86       0x10 /home/vagrant/Tutorials/task-10/bin/samr21-xpro/newlib_syscalls_default/syscalls.o
 .debug_macro   0x0000000000010d96       0x4a /home/vagrant/Tutorials/task-10/bin/samr21-xpro/newlib_syscalls_default/syscalls.o
 .debug_macro   0x0000000000010de0       0xc8 /home/vagrant/Tutorials/task-10/bin/samr21-xpro/newlib_syscalls_default/syscalls.o
 .debug_macro   0x0000000000010ea8      0x29d /home/vagrant/Tutorials/task-10/bin/samr21-xpro/newlib_syscalls_default/syscalls.o
 .debug_macro   0x0000000000011145       0x52 /home/vagrant/Tutorials/task-10/bin/samr21-xpro/newlib_syscalls_default/syscalls.o
 .debug_macro   0x0000000000011197       0x16 /home/vagrant/Tutorials/task-10/bin/samr21-xpro/newlib_syscalls_default/syscalls.o
 .debug_macro   0x00000000000111ad       0x19 /home/vagrant/Tutorials/task-10/bin/samr21-xpro/newlib_syscalls_default/syscalls.o
 .debug_macro   0x00000000000111c6       0xb7 /home/vagrant/Tutorials/task-10/bin/samr21-xpro/newlib_syscalls_default/syscalls.o
 .debug_macro   0x000000000001127d       0x22 /home/vagrant/Tutorials/task-10/bin/samr21-xpro/newlib_syscalls_default/syscalls.o
 .debug_macro   0x000000000001129f       0xbe /home/vagrant/Tutorials/task-10/bin/samr21-xpro/newlib_syscalls_default/syscalls.o
 .debug_macro   0x000000000001135d      0x4f7 /home/vagrant/Tutorials/task-10/bin/samr21-xpro/newlib_syscalls_default/syscalls.o
 .debug_macro   0x0000000000011854      0x19c /home/vagrant/Tutorials/task-10/bin/samr21-xpro/newlib_syscalls_default/syscalls.o
 .debug_macro   0x00000000000119f0       0x10 /home/vagrant/Tutorials/task-10/bin/samr21-xpro/newlib_syscalls_default/syscalls.o
 .debug_macro   0x0000000000011a00       0x35 /home/vagrant/Tutorials/task-10/bin/samr21-xpro/newlib_syscalls_default/syscalls.o
 .debug_macro   0x0000000000011a35       0x10 /home/vagrant/Tutorials/task-10/bin/samr21-xpro/newlib_syscalls_default/syscalls.o
 .debug_macro   0x0000000000011a45      0x241 /home/vagrant/Tutorials/task-10/bin/samr21-xpro/newlib_syscalls_default/syscalls.o
 .debug_macro   0x0000000000011c86       0x16 /home/vagrant/Tutorials/task-10/bin/samr21-xpro/newlib_syscalls_default/syscalls.o
 .debug_macro   0x0000000000011c9c       0x10 /home/vagrant/Tutorials/task-10/bin/samr21-xpro/newlib_syscalls_default/syscalls.o
 .debug_macro   0x0000000000011cac       0x16 /home/vagrant/Tutorials/task-10/bin/samr21-xpro/newlib_syscalls_default/syscalls.o
 .debug_macro   0x0000000000011cc2      0x127 /home/vagrant/Tutorials/task-10/bin/samr21-xpro/newlib_syscalls_default/syscalls.o
 .debug_macro   0x0000000000011de9       0x16 /home/vagrant/Tutorials/task-10/bin/samr21-xpro/newlib_syscalls_default/syscalls.o
 .debug_macro   0x0000000000011dff       0x22 /home/vagrant/Tutorials/task-10/bin/samr21-xpro/newlib_syscalls_default/syscalls.o
 .debug_macro   0x0000000000011e21       0x16 /home/vagrant/Tutorials/task-10/bin/samr21-xpro/newlib_syscalls_default/syscalls.o
 .debug_macro   0x0000000000011e37       0x16 /home/vagrant/Tutorials/task-10/bin/samr21-xpro/newlib_syscalls_default/syscalls.o
 .debug_macro   0x0000000000011e4d       0x10 /home/vagrant/Tutorials/task-10/bin/samr21-xpro/newlib_syscalls_default/syscalls.o
 .debug_macro   0x0000000000011e5d       0x10 /home/vagrant/Tutorials/task-10/bin/samr21-xpro/newlib_syscalls_default/syscalls.o
 .debug_macro   0x0000000000011e6d       0x10 /home/vagrant/Tutorials/task-10/bin/samr21-xpro/newlib_syscalls_default/syscalls.o
 .debug_macro   0x0000000000011e7d       0x2e /home/vagrant/Tutorials/task-10/bin/samr21-xpro/newlib_syscalls_default/syscalls.o
 .debug_macro   0x0000000000011eab      0x122 /home/vagrant/Tutorials/task-10/bin/samr21-xpro/newlib_syscalls_default/syscalls.o
 .debug_macro   0x0000000000011fcd       0x22 /home/vagrant/Tutorials/task-10/bin/samr21-xpro/newlib_syscalls_default/syscalls.o
 .debug_macro   0x0000000000011fef       0x2f /home/vagrant/Tutorials/task-10/bin/samr21-xpro/newlib_syscalls_default/syscalls.o
 .debug_macro   0x000000000001201e       0xd6 /home/vagrant/Tutorials/task-10/bin/samr21-xpro/newlib_syscalls_default/syscalls.o
 .debug_macro   0x00000000000120f4       0x10 /home/vagrant/Tutorials/task-10/bin/samr21-xpro/newlib_syscalls_default/syscalls.o
 .debug_macro   0x0000000000012104      0x45d /home/vagrant/Tutorials/task-10/bin/samr21-xpro/newlib_syscalls_default/syscalls.o
 .debug_macro   0x0000000000012561       0xe8 /home/vagrant/Tutorials/task-10/bin/samr21-xpro/newlib_syscalls_default/syscalls.o
 .debug_macro   0x0000000000012649       0x28 /home/vagrant/Tutorials/task-10/bin/samr21-xpro/newlib_syscalls_default/syscalls.o
 .debug_macro   0x0000000000012671       0x10 /home/vagrant/Tutorials/task-10/bin/samr21-xpro/newlib_syscalls_default/syscalls.o
 .debug_macro   0x0000000000012681       0x12 /home/vagrant/Tutorials/task-10/bin/samr21-xpro/newlib_syscalls_default/syscalls.o
 .debug_macro   0x0000000000012693       0xba /home/vagrant/Tutorials/task-10/bin/samr21-xpro/newlib_syscalls_default/syscalls.o
 .debug_macro   0x000000000001274d       0x10 /home/vagrant/Tutorials/task-10/bin/samr21-xpro/newlib_syscalls_default/syscalls.o
 .debug_macro   0x000000000001275d       0x60 /home/vagrant/Tutorials/task-10/bin/samr21-xpro/newlib_syscalls_default/syscalls.o
 .debug_macro   0x00000000000127bd       0x10 /home/vagrant/Tutorials/task-10/bin/samr21-xpro/newlib_syscalls_default/syscalls.o
 .debug_macro   0x00000000000127cd      0x199 /home/vagrant/Tutorials/task-10/bin/samr21-xpro/newlib_syscalls_default/syscalls.o
 .debug_macro   0x0000000000012966       0x70 /home/vagrant/Tutorials/task-10/bin/samr21-xpro/newlib_syscalls_default/syscalls.o
 .debug_macro   0x00000000000129d6       0x34 /home/vagrant/Tutorials/task-10/bin/samr21-xpro/newlib_syscalls_default/syscalls.o
 .debug_macro   0x0000000000012a0a       0x10 /home/vagrant/Tutorials/task-10/bin/samr21-xpro/newlib_syscalls_default/syscalls.o
 .debug_macro   0x0000000000012a1a       0x1c /home/vagrant/Tutorials/task-10/bin/samr21-xpro/newlib_syscalls_default/syscalls.o
 .debug_macro   0x0000000000012a36       0x2e /home/vagrant/Tutorials/task-10/bin/samr21-xpro/newlib_syscalls_default/syscalls.o
 .debug_macro   0x0000000000012a64       0x82 /home/vagrant/Tutorials/task-10/bin/samr21-xpro/newlib_syscalls_default/syscalls.o
 .debug_macro   0x0000000000012ae6       0x1c /home/vagrant/Tutorials/task-10/bin/samr21-xpro/newlib_syscalls_default/syscalls.o
 .debug_macro   0x0000000000012b02       0x34 /home/vagrant/Tutorials/task-10/bin/samr21-xpro/newlib_syscalls_default/syscalls.o
 .debug_macro   0x0000000000012b36       0x16 /home/vagrant/Tutorials/task-10/bin/samr21-xpro/newlib_syscalls_default/syscalls.o
 .debug_macro   0x0000000000012b4c       0x4a /home/vagrant/Tutorials/task-10/bin/samr21-xpro/newlib_syscalls_default/syscalls.o
 .debug_macro   0x0000000000012b96       0x10 /home/vagrant/Tutorials/task-10/bin/samr21-xpro/newlib_syscalls_default/syscalls.o
 .debug_macro   0x0000000000012ba6       0x10 /home/vagrant/Tutorials/task-10/bin/samr21-xpro/newlib_syscalls_default/syscalls.o
 .debug_macro   0x0000000000012bb6      0x4e5 /home/vagrant/Tutorials/task-10/bin/samr21-xpro/core.a(sched.o)
 .debug_macro   0x000000000001309b      0x82c /home/vagrant/Tutorials/task-10/bin/samr21-xpro/core.a(sched.o)
 .debug_macro   0x00000000000138c7      0x166 /home/vagrant/Tutorials/task-10/bin/samr21-xpro/core.a(sched.o)
 .debug_macro   0x0000000000013a2d       0xa2 /home/vagrant/Tutorials/task-10/bin/samr21-xpro/core.a(sched.o)
 .debug_macro   0x0000000000013acf       0x43 /home/vagrant/Tutorials/task-10/bin/samr21-xpro/core.a(sched.o)
 .debug_macro   0x0000000000013b12       0x2e /home/vagrant/Tutorials/task-10/bin/samr21-xpro/core.a(sched.o)
 .debug_macro   0x0000000000013b40      0x13c /home/vagrant/Tutorials/task-10/bin/samr21-xpro/core.a(sched.o)
 .debug_macro   0x0000000000013c7c       0x1c /home/vagrant/Tutorials/task-10/bin/samr21-xpro/core.a(sched.o)
 .debug_macro   0x0000000000013c98      0x3cd /home/vagrant/Tutorials/task-10/bin/samr21-xpro/core.a(bitarithm.o)
 .debug_macro   0x0000000000014065      0x82c /home/vagrant/Tutorials/task-10/bin/samr21-xpro/core.a(bitarithm.o)
 .debug_macro   0x0000000000014891       0x97 /home/vagrant/Tutorials/task-10/bin/samr21-xpro/core.a(bitarithm.o)
 .debug_macro   0x0000000000014928       0xef /home/vagrant/Tutorials/task-10/bin/samr21-xpro/core.a(bitarithm.o)
 .debug_macro   0x0000000000014a17       0x10 /home/vagrant/Tutorials/task-10/bin/samr21-xpro/core.a(bitarithm.o)
 .debug_macro   0x0000000000014a27      0x4c6 /home/vagrant/Tutorials/task-10/bin/samr21-xpro/cortexm_common.a(thread_arch.o)
 .debug_macro   0x0000000000014eed      0x82c /home/vagrant/Tutorials/task-10/bin/samr21-xpro/cortexm_common.a(thread_arch.o)
 .debug_macro   0x0000000000015719       0x16 /home/vagrant/Tutorials/task-10/bin/samr21-xpro/cortexm_common.a(thread_arch.o)
 .debug_macro   0x000000000001572f      0x520 /home/vagrant/Tutorials/task-10/bin/samr21-xpro/cortexm_common.a(vectors_cortexm.o)
 .debug_macro   0x0000000000015c4f      0x82c /home/vagrant/Tutorials/task-10/bin/samr21-xpro/cortexm_common.a(vectors_cortexm.o)
 .debug_macro   0x000000000001647b       0x16 /home/vagrant/Tutorials/task-10/bin/samr21-xpro/cortexm_common.a(vectors_cortexm.o)
 .debug_macro   0x0000000000016491       0x1c /home/vagrant/Tutorials/task-10/bin/samr21-xpro/cortexm_common.a(vectors_cortexm.o)